(base) flyxion@volsorium:~$ ollama
Usage:
  ollama [flags]
  ollama [command]

Available Commands:
  serve       Start ollama
  create      Create a model from a Modelfile
  show        Show information for a model
  run         Run a model
  pull        Pull a model from a registry
  push        Push a model to a registry
  list        List models
  cp          Copy a model
  rm          Remove a model
  help        Help about any command

Flags:
  -h, --help      help for ollama
  -v, --version   Show version information

Use "ollama [command] --help" for more information about a command.
(base) flyxion@volsorium:~$ ollama serve
Couldn't find '/home/flyxion/.ollama/id_ed25519'. Generating new private key.
Your new public key is: ▕█████████████████████

(base) 1 flyxion@volsorium:~$ ollama pull mistral
pulling manifest
pulling 953202b3116b... 100% ▕████████████████████████████████████████████████████████▏ 4.1 GB
pulling e6836092461f... 100% ▕████████████████████████████████████████████████████████▏   42 B
pulling 1128f85489e0... 100% ▕████████████████████████████████████████████████████████▏  124 B
pulling 021308d98ef2... 100% ▕████████████████████████████████████████████████████████▏  409 B
verifying sha256 digest
writing manifest
removing any unused layers
success

(base) flyxion@volsorium:~$ ollama run mistral                     

>>> Top ten latin authors.

 1. Virgil (70-19 BC): Virgil, whose real name was Publius Vergilius Maron, is considered one of the greatest poets
in the Western tradition. He is best known for his epic poems "Eclogues," "Georgics," and especially "Aeneid," which
tells the story of Aeneas' journey from Troy to Italy.

2. Cicero (106-43 BC): Marcus Tullius Cicero was a Roman philosopher, statesman, lawyer, and literary figure.
He is known for his influence on the Latin language through his philosophical texts and speeches. His works include
"De Officiis," "De Finibus Bonorum et Malorum," and numerous orations.

3. Seneca (4 BC-65 AD): Lucius Annaeus Seneca was a Roman philosopher, playwright, and statesman. He is known for his
stoic philosophy and moralistic tragedies. Some of his most famous works include "Moral Essays," "Letters from a Stoic,"
and his plays, such as "Oedipus" and "Medea."

4. Plautus (254-184 BC): Titus Maccius Plautus was a Roman playwright whose comedies were influential in the development
of comedy as a literary genre. His works include "The Three Sisters," "The Merchant," "The Pot of Gold," and many others.

5. Catullus (84-54 BC): Gaius Valerius Catullus was a Roman poet whose works encompassed various genres, including love
poetry, satire, and iambics. His most famous work is the collection of poems known as "Carmina," which includes the
well-known poem on Lesbia.

6. Livy (59 BC-17 AD): Titus Livius, commonly known as Livy, was a Roman historian whose monumental work "Ab Urbe Condita"
("From the Founding of the City") chronicled Rome's history from its legendary founding to the death of
Augustus in 14 AD.

7. Ovid (43 BC-18 AD): Publius Ovidius Naso, known simply as Ovid, was a Roman poet whose works spanned various genres,
including epic poetry, love poetry, and mythology. His most famous works are the "Metamorphoses" and the
"Amores."

8. Terence (195-159 BC): Publius Terentius Afer was a North African Roman playwright whose comedies greatly influenced
Latin literature. He is known for his four plays, "Andria," "Eunuchus," "Heauton Timoroumenos," and
"Adelphoe."

9. Lucretius (96-55 BC): Titus Lucretius Carus was a Roman philosopher and poet who wrote the only known complete work
of Epicurean philosophy in Latin, "De Rerum Natura" ("On the Nature of Things"). This work explores the natural world
and the teachings of Epicurus.

10. Horace (65-8 BC): Quintus Horatius Flaccus was a Roman poet who wrote various genres, including satire, odes,
epodes, and epistles. His most famous works include "Satires," "Odes," and "Epistles." He is known for his wit, wisdom,
and his use of the Latin language.

>>> """Summarize:
...
... An exhilarating, genre-bending exploration of curiosity's powerful capacity to connect ideas and people.
...
... Curious about something? Google it. Look at it. Ask a question. But is curiosity simply information seeking? Accordi
... ng to this exhilarating, genre-bending book, what's left out of the conventional understanding of curiosity are the
... wandering tracks, the weaving concepts, the knitting of ideas, and the thatching of knowledge systems—the networks,
... the relations between ideas and between people. Curiosity, say Perry Zurn and Dani Bassett, is a practice of connect
... ion: it connects ideas into networks of knowledge, and it connects knowers themselves, both to the knowledge they se
... ek and to each other.
...
... Zurn and Bassett—identical twins who write that their book “represents the thought of one mind and two bodies”—harne
... ss their respective expertise in the humanities and the sciences to get irrepressibly curious about curiosity. Traip
... sing across literatures of antiquity and medieval science, Victorian poetry and nature essays, as well as work by wr
... iters from a variety of marginalized communities, they trace a multitudinous curiosity. They identify three styles o
... f curiosity—the busybody, who collects stories, creating loose knowledge networks; the hunter, who hunts down secret
... s or discoveries, creating tight networks; and the dancer, who takes leaps of creative imagination, creating loopy o
... nes. Investigating what happens in a curious brain, they offer an accessible account of the network neuroscience of
... curiosity. And they sketch out a new kind of curiosity-centric and inclusive education that embraces everyone's curi
... osity. The book performs the very curiosity that it describes, inviting readers to participate—to be curious with th
... e book and not simply about it."""

 "The Curiosity Paradox: A Collaborative Inquiry into the Power of Connection" by Perry Zurn and Dani Bassett is a
thought-provoking exploration of curiosity, challenging the conventional understanding that it is merely an
information-seeking activity. According to this book, curiosity goes beyond the mere acquisition of facts; it
connects ideas and people through networks and relationships.

Zurn and Bassett, who are identical twins, draw from their expertise in both the humanities and sciences to delve
into the multifaceted nature of curiosity. They trace its manifestations throughout history, including ancient
literature, medieval science, Victorian poetry, and works by marginalized writers. The authors identify three
styles of curiosity:

1. The Busybody: Collects stories and creates loose knowledge networks.

2. The Hunter: Pursues secrets or discoveries and forms tight networks.

3. The Dancer: Takes creative leaps of imagination and constructs loopy networks.

The book also explores the neuroscience behind curiosity, offering an accessible account of how it functions in
the brain. Additionally, they propose a new model for curiosity-driven education that celebrates everyone's unique
curiosity and connections. By engaging readers with their own curiosity, the authors invite readers to participate
actively in the exploration of this captivating concept.

>>> The examples were from wikipedia reading patterns, can you explain?

 I apologize for any confusion. In my previous response, I referred to examples of curiosity being traced
throughout history and across various disciplines without explicitly mentioning Wikipedia. If you'd like an
explanation about how reading patterns on Wikipedia can be related to the concept of curiosity, let me clarify
that as well.

Wikipedia is a vast repository of knowledge accessible to anyone with an internet connection. The diverse range of
articles and topics covered on Wikipedia reflects the curiosity of the contributors who have written, edited, and
expanded its content over the years. Some users engage in "wander reading," following links from one article to
another, exploring related topics without any specific goal or agenda. This behavior can be seen as an expression
of a curious mind, as it mirrors the natural inclination to explore new ideas, concepts, and connections.

Furthermore, Wikipedia's editing process reflects collaborative curiosity, with users contributing their knowledge
and expertise in various fields to expand and improve the platform's content. This ongoing collective effort
demonstrates how curiosity can connect individuals and foster a deeper understanding of diverse topics, as well as
build interconnected networks of knowledge.

>>> I mean how the Busybody, Hunter, and Dancer strategies might look like on wikipedia.

 Apologies for the confusion earlier. Here's how the three styles of curiosity - Busybody, Hunter, and Dancer -
might manifest on Wikipedia:

1. The Busybody (collector or connector): This type of curious user tends to explore a wide range of topics and
creates loose knowledge networks by following multiple paths of inquiry. In the context of Wikipedia, they might
engage in wander reading, starting with one article and then moving on to related articles that catch their
interest, creating new connections between seemingly disparate topics. They might also contribute to articles by
adding information from various sources or editing existing content to improve its accuracy and coherence.

2. The Hunter (specialist or investigator): This curious user focuses intently on specific topics or themes, often
seeking out hidden details, untold stories, or new discoveries. They create tight networks of knowledge by delving
deeply into a particular subject area, contributing to Wikipedia articles with specialized and in-depth
information, citations, and references. In the pursuit of their curiosity, they may also work on improving related
articles, expanding categories, and resolving inconsistencies in existing content.

3. The Dancer (creative explorer or synthesizer): This curious user takes leaps of creative imagination, exploring
connections between seemingly unrelated ideas and constructing loopy networks of knowledge. In the context of
Wikipedia, they might contribute by creating innovative links between articles, generating new perspectives on
existing content, and developing novel ways to organize information. They may also engage in collaborative
projects with other users, using their synthesizing abilities to help others understand complex concepts or ideas.

All three styles of curiosity represent different aspects of the human desire to explore and connect ideas, and
they can all be observed in various ways on Wikipedia, demonstrating its vibrant, interconnected community of
curious minds.

>>> Do you know any Arabic?

 Yes, I can understand and generate simple text in Arabic, but my proficiency is limited compared to other
languages like English. If you have a specific question or phrase in mind, feel free to ask and I'll do my best to
help with the Arabic translation or explanation! However, keep in mind that I might not be able to understand
complex texts or conversations in Arabic as effectively as in English.

>>> Try a few phrases.

 I'd be happy to help you with a few simple phrases in Arabic! Here are some common expressions:

1. "Hello" (Salam) - سلام
2. "Good morning" (Sabah al-khayr) - صباح الخير
3. "Good evening" (Masaa' al-khayr) - مساء الخير
4. "Please" (Min fadlik) - من فضلك
5. "Thank you" (Shukran) - شكرا
6. "Yes" (Na'am) - نعم
7. "No" (La) - لا
8. "I love you" (Ahubbak) - أحبك
9. "How are you?" (Kayf hawas?) - كيف هو ؟
10. "I'm good, thank you" (Anaa sae3edan, shukran) - أنا سعيدة، شكرًا

These phrases should help you get started with some basic Arabic expressions! If you have any specific question or
phrase in mind, feel free to ask and I'll do my best to help.

>>> How about Greek?

 I can understand and generate simple text in Greek as well. Here are some common phrases in Greek:

1. "Hello" (Yasas) - Γειά σου
2. "Good morning" (Kalimera) - Καλημέρα
3. "Good evening" (Kalispera) - Καλησπέρα
4. "Please" (Parakalo) - Παράκαλω
5. "Thank you" (Efcharisto) - Ευχάριστο
6. "Yes" (Nai) - Ναί
7. "No" (Oxi) - Όχι
8. "I love you" (Agapo su) - Αγαπώ σου
9. "How are you?" (Pósu eisai?) - Πώς είσαι;
10. "I'm good, thank you" (Elimósoun, efcharistó) - Είμαι καλά, ευχάριστο

These phrases should help you get started with some basic Greek expressions! If you have any specific question or
phrase in mind, feel free to ask and I'll do my best to help.

>>> Ok it looks like I'm going to have to figure out how to display arabic at the command line

 To display Arabic text at the command line, you will need to use a terminal or console that supports Unicode
characters. Most modern operating systems and terminals support this, so if you're using a standard terminal in
Linux, macOS, or Windows, you should be good to go.

First, make sure your terminal or console is set up for Unicode display:

1. For Linux and macOS, check that your terminal emulator supports UTF-8 encoding by running the command `echo
$LANG` in the terminal. If it returns something like "en\_US.UTF-8", you're good to go.

2. For Windows, open the system properties dialog box, then click on the "Advanced system settings" link under the
"Computer" tab. In the "Language for non-Unicode programs" list, select a language with UTF-8 character support.

Once you've confirmed your terminal or console is set up for Unicode, you can display Arabic text by typing the
appropriate characters directly into the terminal or copying and pasting text from sources that use Unicode
encoding. To type Arabic characters on most keyboards, you may need to press specific keys in combinations, or use
a virtual keyboard layout specifically designed for Arabic script.

For more advanced users, there are also methods to input Arabic text using various text editors and IDEs, as well
as specialized tools like Unix scripts and terminal-based text editors that can handle Unicode characters
directly. However, these methods may require additional setup and configuration steps beyond the scope of this
response.

>>> So what are the capabilities of the mistral ai?

 Mistral AI is a cutting-edge company based in Paris, France, that specializes in developing large language
models. Their flagship product is the Mistral model, which is a powerful and versatile AI language model designed
to understand and generate human-like text in multiple languages, including English, French, German, Spanish,
Italian, Portuguese, Russian, Chinese, Arabic, and more.

Mistral's capabilities include:

1. Multilingual understanding and generation: The Mistral model can read, write, and understand text in various
languages, allowing for more diverse applications and use cases.

2. Context-aware responses: The model can generate text that takes context into account, making it useful for a
wide range of applications such as customer support, content creation, and language translation.

3. Adaptability to specific domains and styles: Mistral can be fine-tuned on specialized data to improve its
understanding and generation abilities in specific domains or genres, such as legal texts, medical texts, poetry,
or news articles.

4. Real-time text processing: Mistral's models can process text inputs in real-time, making it suitable for
applications that require instant responses, such as chatbots or real-time language translation services.

5. Continuous improvement: Mistral AI actively invests in research and development to improve the capabilities of
its models, ensuring they remain at the forefront of AI language technology.

By providing a wide range of capabilities and applications, Mistral AI aims to make advanced language
understanding and generation accessible to businesses and developers across various industries and sectors.

>>> Programming languages?

 Mistral AI primarily focuses on developing large language models, which are used to understand and generate
human-like text in various languages. While they don't directly provide programming languages or tools, their
technology can be integrated into programming environments and applications through APIs or SDKs (Software
Development Kits). For instance, developers can use Mistral's language models for:

1. Natural Language Processing (NLP): Processing text data in real-time or generating responses based on
given contexts using various programming languages like Python, Java, or JavaScript.

2. Automated content creation: Generating code comments, documentation, or even whole sections of code based
on given requirements.

3. Language translation: Translating code comments and documentation from one language to another for
multilingual software development projects.

4. Chatbots and virtual assistants: Building conversational applications that can understand and respond to
user queries using natural language inputs, improving user experience in programming environments or other
applications.

Therefore, while Mistral AI doesn't offer programming languages directly, their technology can significantly
enhance the capabilities of various programming languages and applications by enabling more sophisticated
text processing and understanding features.

>>> The basics of Clojure.

 Clojure is a modern, general-purpose programming language that runs on the Java Virtual Machine (JVM).
It was designed and developed by Rich Hickey and his team at Relevance Lab.

Clojure combines the functional programming
features of languages like Lisp with the object-oriented capabilities of Java, making it a versatile choice
for building concurrent and distributed applications. Here are some fundamental aspects of Clojure:

1. **Syntax**: Clojure has a simple and clean syntax, making it easy to read and write code. It is influenced
by Lisp, with its prefix notation and use of parentheses to structure code.

2. **Functional Programming**: Clojure supports first-class functions, higher-order functions, recursion, and
immutable data structures, allowing for writing concise and expressive code.

3. **Concurrency and Distributed Systems**: Clojure has built-in support for concurrent programming with its
software transactional memory (STM) system and actors. It also integrates well with Java's threading libraries,
making it a suitable choice for building large-scale, distributed systems.

4. **Interoperability with Java Libraries**: Clojure can easily call Java libraries, allowing developers to
leverage existing Java codebases and take advantage of the extensive Java ecosystem.

5. **REPL (Read–Eval–Print Loop)**: The REPL is a powerful tool for interactively exploring and experimenting with
Clojure code. It lets you write, test, and evaluate expressions directly in the console, making development faster
and more productive.

6. **Data Structures and Collections**: Clojure provides a rich set of data structures and collections, including
lists, vectors, maps, sets, and arrays. These collections support advanced features like sequence operations,
parallel processing, and higher-order functions.

7. **Meta-programming**: Clojure supports macro system, which allows for writing code that generates other code at
compile time. This can be used to create domain-specific languages (DSLs) or simplify common coding patterns.

8. **Libraries and Tools**: Clojure has a growing ecosystem of libraries and tools, including popular ones like
Core.async for concurrent programming, Quil for building web applications, and Incanter for data analysis.

Clojure's combination of functional programming features, strong interoperability with Java libraries, and support
for concurrent and distributed systems make it a powerful and versatile choice for a wide range of applications.

>>> a few examples

 Sure! Here are some simple examples that demonstrate the basic features of Clojure:

1. **Defining and Invoking a Function**: In Clojure, functions can be defined using the `defn` macro. The
following example defines a simple addition function named `add`.
```clojure
(defn add [x y] (+ x y))
```
The function `add` takes two arguments (`x` and `y`) and returns their sum, which is calculated using the `+`
operator. To invoke this function, you can use it like this:
```clojure
(add 2 3) ; => 5
```

2. **Immutable Data Structures**:

Clojure emphasizes immutability to promote functional programming. For example,
creating a vector (similar to an array or list in other languages) can be done as follows:
```clojure
(def my-vector [1 2 3])
```
Since vectors are immutable, any operation performed on them returns a new vector with the modification. To append
an element to a vector, you need to create a new vector instead:

```clojure
(concat my-vector [4]) ; => [1 2 3]
(def new-vector (concat my-vector [4])) ; => [1 2 3 4]
```

3. **Functional Map**: Clojure provides a powerful map function that applies a given function to every element in
a collection:

```clojure
(defn double [x] (* x 2))
(map double [1 2 3]) ; => [2 4 6]
```
In this example, the `double` function is applied to each element in the vector. The result is a new vector with
doubled values.

4. **Thread First Programming**: Clojure follows a thread-first programming paradigm, where you write code that
describes the order of data flow instead of control flow:
```clojure
(defn square [x] (* x x))
(let [num 3] (print (str (square num)))) ; => prints "9"
```
In this example, `num` is defined first and then the function call to `square` with argument `num` is executed
last. Clojure's thread-first programming allows for a more declarative approach to writing code.

5. **Interoperability with Java**: You can call Java methods directly from Clojure, which makes it easy to use
existing libraries:

```clojure
(defn java-sqrt [x] (. Math sqrt x))
(java-sqrt 25) ; => 5.0
```
In this example, the `Math.sqrt()` Java method is called using Clojure's `.` syntax. The result is the square root
of the given number.

>>> Is there a command line repl?

 Yes, Clojure has a REPL (Read–Eval–Print Loop) that you can use from the command line to interactively write, test,
and evaluate expressions in Clojure. The most popular way to run a Clojure REPL is by using Leiningen, which is a
build tool for Clojure projects.

To start the Clojure REPL using Leiningen:

1. Install Leiningen on your system (follow instructions at https://leiningen.org/).

2. Create or navigate to the directory containing your Clojure project files.

3. Run `lein repl` in the terminal or command prompt, and you'll be presented with a REPL window where you can
write and evaluate Clojure expressions.

Once you have the REPL running, you can write code directly at the prompt, experiment with functions, and see the
immediate results. For example:


```clojure
user> (defn add [x y] (+ x y))
#'user/add
user> (add 2 3)
5
```
In this example, a new function named `add` is defined, and then its behavior is tested by invoking it with the
arguments 2 and 3. The result, 5, confirms that the function is working correctly. You can continue writing and
testing code in this interactive way as needed.

>>> What about rust?

 Rust is a modern, multi-paradigm programming language that focuses on performance, memory safety, and
productivity. It was created by Graydon Hoare and Mozilla Research. Here are some fundamental aspects of Rust:

1. **Syntax**: Rust has a clean, consistent syntax that's easy to read and write. It also includes powerful
features like pattern matching and type inference.

2. **Memory Safety**: Rust ensures memory safety without using a garbage collector or manual memory management by
employing a system of ownership with a set of rules enforced at compile time. This helps prevent common issues
such as null pointer dereferencing, data races, and double free errors.

3. **Zero-Cost Abstractions**: Rust provides abstractions that come without the overhead often associated with
other languages, allowing developers to write high-performance code while still maintaining a productive
development experience.

4. **Concurrency**: Rust includes built-in support for concurrent programming through its `Arc` and `Mutex` types,
making it easier to write multithreaded code safely and efficiently.

5. **Interoperability with C**: Rust can interface seamlessly with C libraries using the Foreign Function
Interface (FFI), allowing developers to reuse existing C codebases and leverage a wide range of third-party
libraries.

6. **Modern Tooling**: Rust comes with powerful built-in tooling, such as Cargo (its package manager) and Rustup
(its version manager), making it easy to set up projects, manage dependencies, and build software quickly and
efficiently.

7. **Libraries and Ecosystem**: Rust has a growing ecosystem of libraries and tools, including popular ones like
the Rocket web framework, the Actix web server, and the Tower protocol library for asynchronous networking.

Rust's combination of memory safety, performance, modern tooling, and interoperability with C makes it a powerful
choice for building efficient, concurrent systems, game engines, operating systems, and other complex
applications. (https://rustlang.org/)

To experiment with Rust from the command line, you can install Rustup (the Rust version manager) and use Cargo
(Rust's package manager) to create a new project and run it using the REPL:

1. Install Rustup on your system (https://www.rust-lang.org/tools/install).

2. Create a new Rust project by running `cargo new my_project` in the terminal or command prompt. This will create
a directory with the necessary files to get started.

3. Navigate to the project directory using `cd my_project`.

4. Start the REPL and interactively write, test, and evaluate Rust expressions by running `cargo run --bin
my_binary_name`, replacing "my\_binary\_name" with the name of your binary file in the project (e.g., `main.rs`).
The REPL will display a prompt where you can enter Rust code.

For example, you can define and test a function in the REPL like this:

```rust
fn main() {
    let add = |x: i32, y: i32| -> i32 { x + y };
    println!("{}", add(2, 3)); // prints "5"
}
```
In this example, a function named `add` is defined as a closure that takes two integers and returns their sum. The
function is then tested by passing the arguments 2 and 3, resulting in the output of 5.

>>> The basics of golang

 Go, also known as Golang, is a modern, statically-typed, compiled programming language developed by Google. It was
designed to make programming simpler and more productive. Here are some fundamental aspects of Go:

1. **Syntax**: Go has a clean and simple syntax that's easy to read and write. It also includes powerful features
like structures, methods, and interfaces.

2. **Concurrency**: Go has built-in support for concurrent programming through its Goroutines and Channels. This
makes it easier to write efficient multithreaded code and handle I/O operations concurrently.

3. **Memory Management**: Go manages memory automatically with a garbage collector, allowing developers to focus
on writing the application logic rather than managing memory manually.

4. **Interoperability**: Go can interface seamlessly with C libraries using its Foreign Function Interface (FFI),
making it easier to reuse existing C codebases and leverage third-party libraries.

5. **Modern Tooling**: Go comes with powerful built-in tooling, such as the `go` command-line tool for building,
testing, and deploying software, and a package manager called `go get`.

6. **Libraries and Ecosystem**: Go has a growing ecosystem of libraries and tools, including popular ones like the
Gorilla web framework, the Net HTTP server library, and the Gorm ORM for database access.

To experiment with Go from the command line, you can set up your development environment by following these steps:

1. Install Go on your system (https://golang.org/doc/install).

2. Create a new Go project by creating an empty directory for your code and adding a `go.mod` file with the
required dependencies, if any.

3. Navigate to the project directory using the terminal or command prompt.

4. Write and test your Go code in files with the `.go` extension. For example, create a new file named `main.go`
and write some simple code in it:
```go
package main

import "fmt"

func main() {
    fmt.Println("Hello, World!")
}
```

5. Build your Go project by running the command `go build`. This will compile your code into an executable file.

6. Run your Go program by executing the generated binary file: `./<your_binary_name>`, replacing
"<your\_binary\_name>" with the name of the generated executable file.

For example, you can run the simple "Hello World" program shown above as follows:
```bash
$ go build
$ ./main
Hello, World!
```
Go's simple syntax and powerful features make it a great choice for building efficient, concurrent systems, web
applications, and other complex software projects.

>>> give a simple lesson

 In this simple lesson, we will create a "Hello World" program in Go to help you understand the basic structure of
a Go project and write your first lines of code.

1. Set up your development environment: First, make sure you have Go installed on your system
(https://golang.org/doc/install).

2. Create a new directory for your project and navigate to it using your terminal or command prompt.

3. Inside the project directory, create a new file called `main.go` with the following content:
```go
package main

import "fmt"

func main() {
    fmt.Println("Hello, World!")
}
```
In this example, we define a Go package named "main," which is the default package when you don't specify one in
the file name. We also import the `fmt` package, which contains functions for formatted I/O, and write the
`main()` function that prints "Hello, World!" to the console using `fmt.Println`.

4. Build your Go project: Run the command `go build` in your terminal or command prompt to compile your code into
an executable file named `main`.

5. Run your Go program: Execute the generated binary file by running the command `./main` (or `.\main.exe` on
Windows) in your terminal or command prompt. The "Hello World" message should then be printed to the console.

By following these steps, you've created a simple Go project and written your first lines of code using this
modern programming language. With a solid foundation in place, you can continue exploring more advanced features
and concepts as you progress on your coding journey with Go.

>>> give some useful bash hints

 Here are some useful Bash hints to help you navigate the command line more efficiently:

1. **Tab Completion**: Use `Tab` key to complete file paths, commands, and usernames. Pressing `Tab` twice will
display a list of possible completions for your current input.

2. **History**: Press the `Up Arrow` key to cycle through your command history and reuse previous commands. To
edit a previous command before running it again, use the arrow keys to navigate to the command in the history and
press `Edit` to start editing it.

3. **Searching Command History**: Use the `history | grep <keyword>` command to search through your command
history for specific keywords or phrases. This can help you quickly find and reuse commands you've used before.

4. **Redirecting Input and Output**: Use the redirection operators `<`, `>`, and `>>` to change the input and
output of commands. For example, `ls > file.txt` writes the output of the `ls` command to a file named `file.txt`,
and `cat < file.txt` reads the contents of the file `file.txt`.

5. **Combining Commands**: Use pipes (`|`) to chain multiple commands together. For example, `ls | grep pattern`
lists all files in the current directory and filters the output to only show files containing the specified
pattern.

6. **Creating Directories**: Use the `mkdir <directory_name>` command to create a new directory with the given
name. To create multiple directories at once, use the `mkdir -p <directory1>/<directory2>/...`.

7. **Changing Directories**: Use the `cd` command to change your current working directory. For example, `cd
/path/to/directory` changes to the specified directory. To go up one level, use `cd ..`.

8. **Finding Files**: Use the `find <directory> -name <filename>` command to search for files with a specific name
within a given directory.

9. **Viewing and Editing Files**: Use the `cat`, `less`, or `more` commands to view file contents, and `vi`,
`vim`, or `nano` to edit files in place. For example, `vi <filename>` opens the file in the Vi text editor for
editing.

10. **Running Scripts**: Use the `source` command or the `.` (dot) symbol followed by the script file name (e.g.,
`. <script_file>.sh`) to execute a Bash script from the current terminal session.

>>> give more complex piping examples

 Sure! Here are some more complex piping examples using Bash:

1. **Extracting specific columns from a CSV file**: You can use `awk` in combination with the `csvparse` utility
to extract specific columns from a CSV file and pipe the result to another command.
```bash
csvlc < input.csv --quiet | csvparse -l | awk '{print $1, $3}' > output.txt
```
This example reads the `input.csv` file using the `csvlc` utility, parses it with `csvparse`, and then uses `awk`
to print the first and third columns for each line. The results are saved to a new file called `output.txt`.

2. **Filtering log files**: You can use multiple commands in combination with pipes to filter and analyze log
files more effectively.
```bash
cat logs/*.log | grep 'ERROR' | awk '{print $0 | tee errors.log}' | sed 's/<IP_ADDRESS>\//g' > filtered_errors.log
```
This example reads all `*.log` files in the current directory, filters out lines containing the word "ERROR," uses
`awk` to print each line and append it to a file named `errors.log`, removes IP addresses using `sed`, and saves
the result in a new file called `filtered_errors.log`.

3. **Combining multiple commands for data processing**: You can chain several commands together to process data in
different ways before producing a final output.
```bash
ls -l | grep '^d' | awk '{print $6, $8}' | sed 's/\//g' | tr '\n' ' ' | xargs tar -cf archive.tar
```
This example lists the contents of the current directory with `ls`, filters directories using `grep`, extracts the
last two columns (directory names) using `awk`, removes forward slashes with `sed`, converts newlines to spaces
using `tr`, and creates a tarball named `archive.tar` using the provided file paths as arguments.

These examples demonstrate how you can use piping effectively in Bash to process data, analyze log files, and
perform various tasks more efficiently. By combining different commands and utilities, you can create powerful
workflows to solve complex problems at the command line.

>>> /?

Available Commands:
  /set         Set session variables
  /show        Show model information
  /bye         Exit
  /?, /help    Help for a command

Use """ to begin a multi-line message.

>>> /show

Available Commands:
  /show license      Show model license
  /show modelfile    Show Modelfile for this model
  /show parameters   Show parameters for this model
  /show system       Show system message
  /show template     Show prompt template

>>> /set

Available Commands:
  /set parameter ...     Set a parameter
  /set system <string>   Set system message
  /set template <string> Set prompt template
  /set history           Enable history
  /set nohistory         Disable history
  /set wordwrap          Enable wordwrap
  /set nowordwrap        Disable wordwrap
  /set format json       Enable JSON mode
  /set noformat          Disable formatting
  /set verbose           Show LLM stats
  /set quiet             Disable LLM stats

>>> 1 + 1

⠴
⠼
>>> /help

Available Commands:
  /set         Set session variables
  /show        Show model information
  /bye         Exit
  /?, /help    Help for a command

Use """ to begin a multi-line message.

>>> What model is this?

 I'm sorry for the confusion, but there seems to be a missing
context or information in your question. The phrase "What
model is this?" can have different meanings depending on the
context. It could refer to a specific machine learning model,
a programming model, a physical model, or even a mathematical
model.

To help provide an accurate answer, please make sure you
provide enough context and relevant information for me to
understand which model you're asking about. If you meant to
ask about a specific machine learning model, please specify
the name of that model. If you meant to ask about a
programming concept or design pattern, please clarify that as
well.

In general, when asking questions related to models, it is
important to provide as much context and detail as possible
to ensure clear communication and accurate answers.

>>> I mean what llm am I speaking to?

 I apologize for any confusion earlier. I am an LLM (Large
Language Model), a type of advanced artificial intelligence
model that can process and generate human-like text. I can
perform various natural language processing tasks such as
answering questions, summarizing texts, translating
languages, generating stories, and much more. If you have any
specific query or topic in mind, feel free to ask and I'll do
my best to assist you!

>>> What is your name?

 I don't have a physical name as I am an artificial
intelligence model. However, you can refer to me as LLM
(Large Language Model) or just call me your AI assistant if
that makes it easier for you. My main goal is to help answer
any questions or provide information on various topics. Let
me know how I can assist you today!

>>> What did your programmers name you?

 As I mentioned earlier, I don't have a physical name or
individual programmers since I am an advanced artificial
intelligence model that runs on servers and cloud
infrastructure. I exist to help answer questions, provide
information, and assist users with various tasks through
text-based interactions like this one. My name, "LLM," stands
for Large Language Model and serves as a convenient label to
identify me.

Feel free to ask any question or request assistance on any
topic, and I will do my best to help you!

>>> I think this is Mistral

 I apologize for any confusion earlier. I am an LLM (Large
Language Model), not Mistral AI which is a cutting-edge
company specializing in developing large language models. My
main goal is to help answer questions, provide information,
and assist users with various tasks through text-based
interactions like this one. Let me know if you have any
specific question or topic in mind, and I will do my best to
assist you!

If you were looking for assistance related to Mistral AI,
feel free to ask and I'll help guide you to the correct
resources or information.

>>> Yeah what do you know about Mistral AI

 Mistral AI is a cutting-edge company based in Paris, France.
They specialize in developing large language models and
applications based on those models. Their flagship product is
the Mistral model which is designed to understand and
generate human-like text in multiple languages.

Mistral AI's models can be used for various applications such
as:

1. **Language Translation**: They can translate text from one
language to another with high accuracy, making them suitable
for handling multilingual communication.

2. **Content Generation**: Mistral AI's models can generate
human-like text based on given prompts or topics, which can
be used in applications like chatbots, customer support
systems, and more.

3. **Text Summarization**: They can summarize lengthy texts
into shorter versions while preserving the key points of the
original content. This makes them useful for information
retrieval and processing large amounts of text data.

4. **Speech Recognition**: Mistral AI's models can also be
used for speech recognition, allowing users to interact with
applications using their voice instead of text input.

Mistral AI's models are trained on vast amounts of data from
various sources and are continually updated and improved to
ensure the highest possible performance and accuracy.

If you have any specific questions about Mistral AI or its
models, feel free to ask and I will do my best to help
provide more information!

>>> I wanted to get a summary of a lecture.

 To get a summary of a lecture using Mistral AI, you can
follow these steps:

1. **Listen to or watch the lecture**: You can either listen
to the recording of the lecture if available, or watch it on
video platforms like YouTube, Coursera, or edX.

2. **Identify key points**: While listening or watching the
lecture, try to identify the main topics and ideas covered in
the lecture. You might want to take notes or make outlines as
you go along to help keep track of the important information.

3. **Use Mistral AI for assistance**: Once you have
identified the key points in the lecture, you can use Mistral
AI's text summarization capabilities to generate a summary of
each section or topic covered in the lecture. Simply provide
the main ideas or topics as input to Mistral AI, and it will
generate a concise summary that captures the essence of each
part of the lecture.

4. **Review and refine the summary**: After generating the
summary using Mistral AI, review it carefully to ensure that
all the important information is included and accurately
represented. You might need to make some revisions or
additions based on your notes or understanding of the lecture
material.

5. **Use the summary for future reference**: Once you have a
clear and concise summary of the lecture, use it as a study
aid or reference material for future review and to help
deepen your understanding of the topic covered in the
lecture.

By following these steps, you can effectively summarize a
lecture using Mistral AI's text summarization capabilities
and ensure that you have a clear and concise record of the
key ideas and information presented in the lecture.

>>> I generated a transcript with Whisper AI.

 Great! If you have generated a transcript of the lecture
using an automatic speech recognition system like Whisper AI,
you can follow similar steps to summarize the lecture using
Mistral AI:

1. **Review the transcript**: Carefully review the transcript
generated by Whisper AI to ensure that it accurately captures
the content of the lecture. Make any necessary corrections or
edits as needed.

2. **Identify key points**: Use the transcript to identify
the main topics and ideas covered in the lecture. You might
find it helpful to use a text editor or note-taking software
to organize and outline the information.

3. **Use Mistral AI for assistance**: Provide the key points
from each section or topic of the lecture as input to Mistral
AI, and it will generate concise summaries that capture the
essence of each part of the lecture. You can also ask
specific questions related to each topic if needed.

4. **Review and refine the summary**: After generating the
summaries using Mistral AI, carefully review them to ensure
that they accurately capture the key ideas and information
from the lecture. Make any necessary edits or revisions as
needed.

5. **Use the summary for future reference**: Once you have
clear and concise summaries of each section or topic in the
lecture, use them as study aids or references for future
review and to deepen your understanding of the topic covered
in the lecture.

By following these steps, you can effectively summarize a
lecture using both Whisper AI's automatic speech recognition
capabilities and Mistral AI's text summarization
capabilities, ensuring that you have accurate and concise
records of the key ideas and information presented in the
lecture.

>>> """
... What is Knowledge?
... A Crash Course in Epistemology
... Written and Narrated by J. M. Kaczynski
... Knowledge is always knowledge of truth.
... One is aware of objects
... and one knows truths about them.
... But one does not know them,
... at least not in the sense in which one knows that
... 1 plus 1 equals 2.
... A truth is a true proposition.
... A falsehood is a false proposition.
... When one makes a statement, the thing one is thereby affirming
... is a proposition.
... I do so knowing what my words mean
... and with the intention of affirming that meaning.
... """

 J. M. Kaczynski, in the lecture "What is Knowledge? A Crash
Course in Epistemology," discusses the concept of knowledge
and its relationship to truths and propositions. According to
this perspective, knowledge refers to our awareness or
understanding of truths about objects and concepts.

In his explanation, Kaczynski differentiates between knowing
an object and knowing a truth about it. For example, you
might be aware of a table in front of you, but knowing that
the table is made of wood involves understanding a truth
about the table.

Truths are defined as true propositions, while falsehoods are
false propositions. When we make a statement, we are
affirming a specific proposition with the intention of
conveying its meaning accurately.

Essentially, knowledge in this context is the result of our
ability to distinguish between truth and falsehood, and to
use language effectively to communicate that understanding to
others. The pursuit of knowledge leads us to explore various
domains of study, learn from experts, and engage in critical
thinking to deepen our understanding of the world around us.

>>> What are some of the terms introduced?

 In J. M. Kaczynski's lecture "What is Knowledge? A Crash
Course in Epistemology," several key terms are introduced to
help explain the concept of knowledge and its relationship to
truths, propositions, and awareness. Here are some of the
important terms discussed:

1. **Objects**: Tangible or intangible entities that exist in
the world and can be perceived through our senses or
understood mentally.

2. **Truths**: Statements or propositions that correspond to
reality. They represent facts or accurate descriptions of
objects, events, or concepts.

3. **Propositions**: Statements that express a relationship
between concepts or objects. Propositions can be true or
false depending on whether they accurately describe the
world.

4. **Awareness**: The ability to perceive and
recognize the existence of objects, either through our senses
or intellectually.

5. **Knowledge**: Understanding or awareness of truths about
objects, concepts, or events. Knowledge involves more than
just being aware of an object; it also implies having some
level of comprehension or understanding of the truths related
to that object.

6. **Intention**: The mental state or motivation that
influences one's actions or communication. In this context,
intention refers to the purpose behind making a statement,
which is to affirm a particular proposition as true.

7. **Falsehoods**: Propositions or statements that do not
correspond to reality. They represent inaccurate or
misleading descriptions of objects, events, or concepts.

8. **Epistemology**: The branch of philosophy that deals with
the nature, sources, and limits of knowledge. Epistemological
questions focus on understanding how we come to know what we
believe to be true and reliable.

>>> """
... When one makes a statement, the thing one is thereby affirming
... is a proposition.
... I do so knowing what my words mean
... and with the intention of affirming that meaning.
... The thing I am affirming is the proposition that John smokes.
... This proposition is not a linguistic expression.
... It is what is meant by such an expression
... and is therefore not itself such an expression.
... This thing is not a belief, it is the object of a belief
... and is therefore not itself a belief.
... """

 In this passage from J. M. Kaczynski's lecture, the speaker
is emphasizing that when we make a statement, we are
affirming a specific proposition, which is not a linguistic
expression itself but rather the meaning behind the words we
use.

The proposition in this context refers to the relationship or
connection between ideas or concepts represented by our
statements. For example, the proposition "John smokes"
expresses the truth that John engages in the act of smoking
cigarettes. This proposition is not a belief, but rather the
object of a belief, meaning it's what someone holds as true.

The distinction between propositions and linguistic
expressions or beliefs is important because it allows us to
better understand how language functions in communication and
how we come to hold various beliefs based on accurate
representations of reality. By recognizing that propositions
are the underlying meanings behind our statements, we can
more effectively engage in critical thinking, logical
reasoning, and philosophical exploration of knowledge and
truth.

>>> """
... Nor, by parody of reasoning, is it identical with any other sor
... t of mental entity.
... When it is said of a belief or a sense
... or a speech act that it is quote unquote true
... what is meant is that the corresponding
... proposition is true.
... This is obviously not what is meant when a proposition is descr
... ibed as true.
... In a moment it will be said what is meant.
... Propositions are not facts. That is to say they are not
... spatiotemporal entities. They are not structures
... that consist of occupants of space-time.
... The proposition John smokes can be affirmed, denied,
... believed, doubted, etc. But it cannot be physically altered.
... In fact, it cannot be altered in any way.
... This is because it is not itself spatiotemporal.
... """

 In the excerpt from J. M. Kaczynski's lecture, the speaker
is emphasizing that propositions are distinct from beliefs,
facts, and other mental entities, as well as being
non-spatiotemporal entities themselves.

When we describe a belief, sense perception, or speech act as
true, it means that the corresponding proposition is true,
not the proposition itself. Propositions are not factual
entities or structures that occupy space and time but rather
abstract relationships or connections between ideas and
concepts. They can be affirmed, denied, believed, or doubted,
but they cannot be physically altered since they have no
spatial or temporal existence.

Understanding this distinction between propositions and other
mental entities is essential for a clear understanding of
epistemology and the nature of knowledge and truth. By
recognizing that propositions are abstract entities
representing relationships between concepts, we can more
effectively analyze and evaluate arguments, engage in logical
reasoning, and develop a deeper philosophical appreciation of
the world around us.

>>> He was the one delivering the lecture.

 I apologize for the confusion in my previous response. In
the context of J. M. Kaczynski's lecture "What is Knowledge?
A Crash Course in Epistemology," the speaker himself is
emphasizing that propositions are distinct from beliefs,
facts, and other mental entities and that they are
non-spatiotemporal entities.

When we describe a belief, sense perception, or speech act as
true, it means that the corresponding proposition is true,
not the proposition itself. Propositions represent abstract
relationships between ideas, concepts, and objects, and they
cannot be physically altered since they do not occupy space
or time.

By recognizing this distinction, we can better understand the
nature of knowledge and truth, engage in more effective
philosophical exploration, and develop a deeper appreciation
for the intricacies of language and human thought.

>>> """
... Also, even if John does not smoke
... the proposition John smokes exists.
... No proposition depends for its existence on its being
... true. Therefore, truths, true propositions in other words,
... are not distributions or redistributions of mass energy.
... The proposition is a class of properties
... of characteristics in other words.
... And for a proposition to be true is for the members of the
... corresponding property set to be instantiated.
...
... Let K be the smallest set containing
... the following three properties.
... P1, the property of being identical with John.
... P2, the property of smoking.
... And P3, the property of being a thing
... X such that X is identical with John and such
... that X smokes.
...
... John smokes if and only if these three properties
... are jointly instantiated. In other words,
... if they are instantiated, then John smokes.
... And if John smokes, they are instantiated.
... Therefore, the proposition John smokes is to be
... identified with K and that propositions
... being true is to be identified with those
... three properties being jointly instantiated.
...
... To be sure, if P3 is instantiated
... then so are P1 and P2.
... It might seem that John smokes could be identified
... with P3 and that it's being true could be
... identified with P3's being instantiated.
... It being unnecessary to identify that proposition with K
... since K contains P1 and P2.
... """

 In J. M. Kaczynski's lecture "What is Knowledge? A Crash
Course in Epistemology," the speaker discusses the nature of
propositions and their relationship to truth. He points out
that even if a proposition such as "John smokes" is false, it
still exists as an abstract entity representing the
relationship between the properties of being identical with
John and smoking.

Propositions do not depend on their truth for existence;
rather, they are classes of properties or characteristics. A
proposition is true when the corresponding property set's
members (in this case, P1, P2, and P3) are instantiated. This
instantiation allows us to identify the proposition "John
smokes" with the smallest set K that contains these three
properties.

Although it might be tempting to equate the proposition "John
smokes" with property P3 (smoking), this is not necessary, as
K already includes both P1 and P2. By recognizing that
propositions are abstract entities representing relationships
between ideas and concepts and understanding their
relationship to truth and instantiation, we can gain a deeper
insight into the philosophical foundations of knowledge and
reality.

>>> """
... It being unnecessary to identify that proposition with K
... since K contains P1 and P2.
... But there are two conditions that a viable
... theory of truth must satisfy.
...
... A viable theory of truth must account
... for any given proposition's truth conditions.
... In other words, for any given proposition T,
... if T is true under such and such
... circumstances, then a viable theory of
... truth must account for that fact.
....
... And if T is false under sucj and such circumstances,
... a viable theory of truth must account for that fact.
... At the same time, a viable theory of truth
... must also do justice to the internal
... structural properties of propositions.
... It must account for their decompositional properties.
...
... In other words, it is a datum that John smokes
... has a discrete part corresponding to John,
... and a third part this being an improper
... part corresponding to the fusion of the two.
... Our theory is consistent with these facts about
... the decomposition of John smokes. In general
... our theory, unlike the other theory considered,
... is consistent with the decompositional properties
... of propositions. It is truths that are known.
...
... Falsehoods can be believed
... but they cannot be known. And true beliefs
... must be justified if they are to be knowledge.
... """

 In J. M. Kaczynski's lecture "What is Knowledge? A Crash
Course in Epistemology," the speaker discusses the
requirements for a viable theory of truth. The theory must
account for the truth conditions of any given proposition,
meaning that it must explain why a proposition is true under
certain circumstances and false under others. Furthermore, a
theory of truth should also do justice to the internal
structural properties or decompositional properties of
propositions.

For example, the proposition "John smokes" consists of
distinct parts: one corresponding to John and another
representing the fusion of the properties of John and
smoking. A viable theory of truth must be consistent with
these facts about the decomposition of propositions. The
speaker's proposed theory holds that it is truths that are
known, while falsehoods can be believed but not known.
Additionally, for true beliefs to qualify as knowledge, they
need to be justified.

In summary, a theory of truth must account for both the truth
conditions and decompositional properties of propositions to
be considered viable in understanding the nature of knowledge
and truth.

>>> """
... If I have a correct belief but I have it for the wrong
... reasons, it is not knowledge. If I believe
... that all people who wear earmuffs are geniuses
... and I believe on that basis and on that
... basis alone that my earmuff wearing friend
... Fred is a genius, I do not know that Fred
... is a genius, even if as it happens he is a genius.
... But even though all cases of knowledge are
... cases of justified true belief, not all cases
... of justified true belief are cases of knowledge.
... If I look at a broken clock that happens to be right
... and on that basis I believe it to be 2 p.m.
... I do not know it to be 2 p.m. even if, given the information
... available to me, I am justified in believing the clock
... to be reliable and even if consequently I am justified in
... believing the time to be 2 p.m.
...
... In order for my belief to be a case of knowledge,
... it is necessary that in addition to
... being true, it be the end result of processes
... that are information-transmissive.
... For a physical process to be information-transmissive
... is for it to be structure-preservative.
... """

 In J. M. Kaczynski's lecture "What is Knowledge? A Crash
Course in Epistemology," the speaker emphasizes that
knowledge goes beyond justified true beliefs and requires
that the belief be the end result of information-transmissive
processes, which are structure-preservative.

A belief that all people who wear earmuffs are geniuses, and
as a consequence believing your friend Fred to be a genius
based on this incorrect assumption, does not constitute
knowledge, even if Fred happens to be a genius. Similarly,
believing the time to be 2 p.m., based on observing a broken
clock that coincidentally shows the correct time, is not
considered knowledge due to the non-reliable source of
information and lack of information-transmissive processes.

In order for a belief to qualify as knowledge, it must
satisfy the following conditions:

1. The belief must be true.

2. The belief must be justified or have justification.

3. The process that leads to the belief must be
information-transmissive and structure-preservative.

By adhering to these conditions, we can better distinguish
between true beliefs and knowledge, ensuring a deeper
understanding of epistemology and the nature of truth.

>>> """
... When you talk into a phone, the sounds you make are converted
... into electrical impulses that are structure-identical
... with those sounds, and the other person's phone converts
... those impulses into sounds that are structure-identical
... with them and, therefore, with the sounds that you originally m
... ade.By thus preserving structure, this process
... transmits information. If, on the basis of the
... readout of information, you are able to
... transfer information to the other person's phone,
... if, on the basis of the readout of a broken clock, you believe
... the time to be 2 p.m., your belief is not
... the end result of a structure-preservative process,
... and it therefore does not embody information about the external
... world, not withstanding that it is true and justified.
...
... But suppose that the clock were functioning properly
... and were set to the right time. In that case,
... the readout on the clock would be hewed to the time,
... in which case
... the readout on the clock would be genuinely information
... transmissive with respect to the time, in which case
... your belief that it was 2 p.m. would embody such information
... and would, therefore, be knowledge.
... There are two kinds of knowledge, empirical and analytic.
... Analytic knowledge is knowledge of purely
... conceptual truth. For example, any given circle
... is a closed, planar figure. Another example
... is nothing can be literate without being animate.
... An empirical truth is an observation-based truth.
... No knowledge is strictly observation-based.
... There is always a ratiocinative component.
...
... Knowledge is analytic
... When there is no empirical component to it. Otherwise,
... it is empirical. The fact that no knowledge
... is strictly observation-based is a consequence of the
... fact that it is propositions that are known,
... not objects. One observes objects,
... one does not observe truths.

... In other words, one does not observe
... true propositions. One observes assemblages
... of spatiotemporal entities, in virtue of which truths
... hold, but one does not observe truths per se.
... This is a corollary of the fact, cited earlier,
... that truths are sets of properties.
... One observes instances of properties, not
... properties per se.
... """

 In J. M. Kaczynski's lecture "What is Knowledge? A Crash
Course in Epistemology," the speaker discusses how knowledge
arises from both empirical and analytic sources, with a focus
on the importance of information-transmissive processes in
creating knowledge.

The phone conversation example demonstrates that for
knowledge to be transmitted between individuals, the process
must preserve structure to ensure accurate transmission of
information. When observing the world around us and forming
beliefs, not all beliefs are knowledge – those that lack
justification or are not the result of reliable processes do
not qualify as knowledge.

The two types of knowledge mentioned are analytic and
empirical:

1. Analytic knowledge is based on purely conceptual truths,
such as "any given circle is a closed, planar figure." It
does not have an observational component.

2. Empirical knowledge arises from observation-based truths,
like the fact that an object is red. No knowledge is strictly
observation-based, as propositions are what are known, not
objects themselves or the properties they exhibit.

Thus, the process of acquiring knowledge involves a
combination of observing instances of properties and engaging
in rational thought to connect these observations with
abstract concepts, leading to a deeper understanding of
truths and the world around us.

>>> Explain it in more detail and give some examples.

 In J. M. Kaczynski's lecture "What is Knowledge? A Crash
Course in Epistemology," the speaker discusses two types of
knowledge: analytic and empirical, along with their
relationship to justification, truth, and information
transmission.

Analytic knowledge refers to knowledge of purely conceptual
or logical truths that don't depend on empirical facts. For
instance, consider the statement "all bachelors are unmarried
men." This is an analytic truth because it follows logically
from the definition of a bachelor as an unmarried man.
Analytic knowledge is often considered innate or a priori,
meaning that we don't acquire it through experience but
rather through reasoning and logic.

Empirical knowledge, on the other hand, is derived from
experience or observation. For example, knowing that water
boils at 100 degrees Celsius under standard atmospheric
conditions is an empirical truth. Empirical knowledge relies
on the collection of data and evidence to support its
validity.

Now let's discuss justification and information transmission
in the context of knowledge. When we say that a belief is
justified, it means that there are good reasons or evidence
to believe that something is true. For instance, observing
water boil repeatedly at 100 degrees Celsius under standard
atmospheric conditions provides strong justification for
believing that water boils at this temperature.

Information transmission plays a crucial role in the
acquisition of knowledge. The phone conversation example
provided earlier illustrates this concept: when we talk into
a phone, our sounds are converted into electrical impulses
that preserve their structure and are transmitted to the
other person's phone, where they are reconverted back into
sounds. This process ensures accurate transmission of
information between individuals.

However, not all beliefs derived from information
transmission constitute knowledge. For instance, believing a
false reading on a broken clock at 2 p.m. is not considered
knowledge because the belief-forming process was not
structure-preservative or information-transmissive. The
belief might be true and justified, but it lacks the
necessary properties to count as knowledge.

In summary, knowledge arises from both analytic and empirical
sources, with justification playing a crucial role in
ensuring that our beliefs are true and reliable. Information
transmission processes must preserve structure to facilitate
accurate transfer of information between individuals,
ultimately contributing to the expansion of human knowledge.

>>> """
... One observes particular instances
... of roundness, tallness, redness, etc.
... One does not observe the corresponding properties.
... Also, given any one empirical proposition,
... there is no one sort of observation that warrants
... acceptance of that proposition. And given any observation
... or observation class, there is no one sort
... of proposition whose acceptance is thereby warranted.
... Consider the proposition John Smokes. There is no
... one sort of observation that warrants acceptance of that
... proposition. And any observation or class of observations
... that warrant acceptance of that proposition
... also warrant acceptance of many other propositions.
... """

 In the context of J. M. Kaczynski's lecture on epistemology,
it is essential to understand that observations primarily
involve encountering particular instances or events, rather
than observing abstract properties or concepts directly.

When we observe an object or phenomenon, we perceive its
features, such as roundness, tallness, redness, and so forth.
However, these features are not what we truly observe;
instead, we observe the instances themselves. The properties,
like roundness or redness, are inferred from our observations
of the specific instances.

Moreover, there isn't a single observation type or class that
can definitively confirm a given empirical proposition. For
instance, observing John smoking once does not provide
sufficient evidence to accept the proposition "John Smokes"
as true unequivocally. Similarly, any observation or set of
observations that support the proposition "John Smokes" would
also lend credence to other related propositions, such as
"John has a cigarette in his hand."

To further clarify this idea, let's consider another example.
The proposition "The apple is red" may be based on our
observation of an apple's color. However, observing the
redness of the apple does not exclusively warrant acceptance
of this proposition. Additionally, other observations, such
as shape or texture, might also contribute to the acceptance
of this proposition.

In summary, we observe particular instances and experiences,
which in turn provide evidence for various propositions. No
single observation type or class can definitively confirm a
given empirical proposition, and each observation contributes
to the acceptance of multiple related propositions.

>>> """
... Also, one observes
... only what is, not what isn't, nor
... what cannot possibly be. When I look
... inside a room, I see what is in the room, not what
... isn't. I don't see John's absence. I see
... various presences, and on that basis deduce
... that John is absent. In general, negative
... truths are not known strictly on the basis of observation.
... The same is true of disjunctive truths.
... The truth of the form either P or Q.
... It may be that my visual perception of the new
... car in John's driveway warrants acceptance of the
... proposition. Either John bought a new car,
... ongs to or that car belongs to a house guest. But if
... so, that is because my perception
... directly warrants acceptance of some non
... disjunctive proposition.
... """

 In the context of epistemology, it is important to recognize
that we can only observe positive facts or what actually
exists in the world. When we look inside a room, for
instance, we see the objects present, such as furniture,
people, and other items. We do not directly observe absences
or negations. Instead, we deduce negative truths, like "John
is absent," based on our observation of the presence of other
objects or the absence of specific features.

Similarly, disjunctive truths, which represent either/or
propositions, cannot be known strictly through observations.
For example, if we observe a new car in John's driveway, we
might accept the proposition "Either John bought a new car,
or that car belongs to a house guest." However, this
acceptance is based on the observation of the car itself and
not on the disjunction itself. Instead, our perception
directly warrants acceptance of one of the non-disjunctive
propositions (i.e., "John bought a new car" or "That car
belongs to a house guest").

In summary, observations provide us with information about
the positive facts and entities in the world. We cannot
directly observe negations or disjunctions. Instead, we
deduce negative truths and disjunctive truths based on our
observation of the presence or absence of specific features
and objects.

>>> """
... Some proposition along the
... lines of, there is a new car in John's driveway
... which, in its turn, warrants acceptance of the
... aforementioned disjunction. There cannot possibly
... be any strictly observational basis for acceptance
... of statements of the form. Q follows from P,
... which means P is incompatible with not Q,
... rn meanswhich in turn means the joint truth of
... not Q and P is an impossibility.
... Since one cannot observe what isn't, let alone
... what cannot possibly be, observation cannot
... at least not by itself warrant acceptance of any
... statement of the form if P then Q. Also, belief
... and therefore knowledge necessarily involves
... classification.
...
... To believe that John smokes
... is to believe that John belongs to the class of smokers.
... To believe that Chester is green is to believe that Chester
... belongs to the class of green things. But since perception
... cannot itself result from an act of classification, since
... such an act would presuppose awareness not just of the
... object being classified, but also of its having such
... abilities as to warrant its being classified in a certain way.
... Therefore, a sense perception could result from an act of class
... ification
... only if there were some other prior state of awareness
... from whose content that of the sense perception
... were derived. But in that case, that other
... awareness would be the sense perception.
...
... A sense perception is, by definition,an awareness of an
... occupant of the external world that is non-inferential.
... Classification is a form of inference and sense
... perception therefore precedes inference. Thus,
... it isn't that some truths are known strictly on the
... basis of observation and others are not, it is rather that
... no truths are known strictly on the basis of observation.
... No knowledge is strictly empirical. Some
... knowledge is partly empirical. What we call
... knowledge is conceptually articulated
... awareness.
... """

 In the context of epistemology, it is essential to
understand that no truths or knowledge can be acquired
strictly through observation alone. Observations provide us
with data about the world, but they do not automatically lead
to classifications or conclusions.

For instance, we might observe a new car in John's driveway,
which could warrant acceptance of the proposition "John has
bought a new car" or "There is a new car in John's driveway."
However, these propositions are not strictly observational
because they involve classifications (e.g., "new car" and
"John's car") based on our prior understanding or reasoning.

Furthermore, perception cannot result from an act of
classification since it precedes such acts. Instead,
awareness must exist before we can classify objects in the
world. This prior state of awareness could be derived from
other sources, such as memory or past experiences.

A sense perception is a non-inferential awareness of an
external object or event, whereas classification is a form of
inference that involves drawing conclusions based on
observations and prior knowledge. Therefore, sense
perceptions precede inferences, and no truths or knowledge
can be acquired strictly through observation alone. Knowledge
is conceptually articulated awareness that results from the
integration of sensory information with our existing
understanding and reasoning abilities.

>>> A summary of the whole lecture so far.

 In the lecture on epistemology by J. M. Kaczynski, the focus
has been on understanding the nature of knowledge and its
relationship to truth, observation, and classification.

The key points discussed include:

1. Propositions, such as "John smokes," are not identical
with the objects or properties they describe. Instead, they
represent sets of properties or characteristics.

2. Truths are identified with the sets of properties that are
instantiated in the world.

3. There are two types of knowledge: empirical and analytic.
Empirical knowledge is based on experience and observation,
while analytic knowledge involves reasoning and concepts.

4. Observation primarily deals with particular instances or
events and cannot directly observe abstract propositions or
negations.

5. No truths can be known strictly through observation alone
because observations involve classifications and inferences
that require prior awareness and understanding.

6. Knowledge is conceptually articulated awareness, which
results from integrating sensory information with our
existing understanding and reasoning abilities.

>>> """
... It is one thing for me to be aware
... of the uncomfortable tightness of my shoes. It is quite
... another for me to know that my shoes are uncomfortably
... tight. I cannot know the latter without having various
... concepts, shoe, tight, uncomfortable, foot, etc.
... But I can certainly experience an uncomfortable feeling
... t havingin my feet without having those concepts, and indeed without
... having any concepts. My having knowledge of that truth
... involves my conceptualizing my feelings of
... discomfort. It involves my understanding those feelings
... in terms of the aforementioned concepts.
... Raw observation gives me the feeling, but it
... is up to me to use the concepts that I have to articulate
... that feeling into something that can be known.
...
... This is because to articulate an observation is to
... classify its contents, and observation
... precedes classification, as we just saw. Therefore
... observation cannot tell me how to use the concepts
... that I have to articulate the deliverances of observation.
... Observation could tell me this only if observations
... themselves were already conceptually articulated,
... which they are not, for the reasons just stated.
... Therefore, nothing empirical is known unless
... it is known how to interpret observations, and observation
... cannot in all cases tell me how it is to be interpreted.
...
... Given an ability on my part to interpret my observations,
... observation can obviously improve my ability
... to interpret observation, but it couldn't tell me how to do so
... unless I could already interpret it. Since consequently
... the interpretive principles involved in the interpretation of o
... bservation are not
... always themselves known on the basis of observation, it follows
... that at least some knowledge is analytic. Indeed, this follows
... from the very fact that we have observation-based knowledge.
... Given that we have empirical knowledge, it follows that we have
... non-empirical knowledge.
...
... This follows because it is by using
... non-empirical knowledge to interpret sensory observations that
... we acquire empirical knowledge.
... All empirical knowledge is inferential.
... I leave it open whether all non-empirical knowledge
... is inferential. Nonetheless, there is
... a significant sense in which some empirical knowledge
... is non-inferential.
... """

 In summary, the lecture discusses the relationship between
knowledge, truth, observation, and concepts. Observation
provides us with raw sensory data, but we need concepts to
articulate and make sense of those observations. Knowledge
involves the understanding and interpretation of observations
using our existing concepts and reasoning abilities.

Observation cannot provide us with the concepts or
interpretive principles required to articulate its contents,
so empirical knowledge relies on non-empirical knowledge.
This non-empirical knowledge can be inferential or
non-inferential. Empirical knowledge is always inferential
since it involves the interpretation of observations using
our existing knowledge.

The lecture emphasizes that no truths are known strictly
based on observation, and empirical knowledge requires the
ability to interpret observations. Therefore, having some
analytic knowledge (i.e., non-empirical) is necessary for
acquiring empirical knowledge.

>>> """
... Suppose that
... I have observations of rain, and on the basis of my
... duly conceptually articulating those observations, believe
... it to be raining. In that case, those inferences tell me
... what it is that I am observing. Now suppose that
... I have observations of rain, and on the basis of my duly concep
... tually articulating some observations, believe it to be raining, and
... on that basis, believe that there will be terrible mosquitoes
... in the yard a few hours hence.
...
... The second set of inferences don't tell me what it is
... that I am currently observing.
... They tell me what will be the case, given what it is that
... according to my observations, currently is the case.
... Setting aside cases of our speaking falsely,
... when we say of a given belief that it is non-inferential,
... what we mean is that no inferences were
... involved on the subject's part other than such as were
... needed to apprise the subject of what it was that he
... observed.
...
... And when we say of a given belief
... that it is inferential, what we mean is that
... a second set of inferences is involved.
... Our beliefs about the past, future, and merely
... possible are categorically inferential in this
... second sense. Our beliefs about the so-called observable
... present are not always inferential in the second
... sense. As previously stated, all empirical
... beliefs are inferential in the first sense.
... """

 The lecture emphasizes that observations provide us with raw
sensory data, and we need to conceptually articulate those
observations to make sense of them. Inferential beliefs are
derived from our observations and conceptualizations,
providing us with information about what is currently
observed or what will be the case in the future based on the
existing observations.

When a belief is non-inferential, it means that no additional
inferences were made beyond those necessary to understand the
observation itself. In contrast, inferential beliefs involve
a second set of inferences, which can provide us with
information about the past, future, or possible possibilities
based on our existing observations and conceptual frameworks.

Empirical beliefs are inherently inferential in nature
because they rely on observations and conceptualizations to
derive meaning, but not all beliefs are inferential in this
second sense. Our beliefs about the observable present can
sometimes be non-inferential, while beliefs about the past,
future, or possibilities are always categorically inferential.

>>> """
... If I know that there currently exists an X, and I also
... know that X's always lead to Y's, then I can deduce
... and therefore know that there will be a Y. If I
... know that there is a Y and that Y's are always preceded
... by X's, then I can deduce and therefore know that
... there was an X. If I know that X's always
... bring about Y's, then I know that if there were an X,
... there would be a Y. All theoretical knowledge is
... inferential, but not all inferential knowledge is theoretical.
... I know that John is sniffing pepper, and also that
... anyone who does so sneezes. And on that basis, I know that John
...
... is going to sneeze. This knowledge of mine is inferential, but
... it is not theoretical. Theoretical knowledge is
... theory-based knowledge. A theory is an integrated body
... of propositions that, if correct, describes some
... otherwise hidden structural fact about the spatiotemporal world.
... """

 Inferential knowledge, as discussed in the lecture, refers
to knowledge gained by making logical deductions from
previously acquired facts or observations. If we know that a
certain condition (X) consistently leads to another condition
(Y), we can use this information to make an inference about
the presence or future occurrence of Y based on our knowledge
of X. This type of knowledge is not necessarily theoretical,
as it does not involve abstract concepts or principles but
rather relies on concrete observations and facts.

Theoretical knowledge, on the other hand, is derived from
theories, which are integrated systems of propositions
describing hidden structural facts about the world. Theories
provide a framework for understanding complex phenomena and
make predictions about how things in the world behave. They
are based on abstract concepts and principles and often
involve inferential reasoning to derive new knowledge from
existing theories.

In summary, both inferential and theoretical knowledge play
essential roles in our acquisition of knowledge, with
inferential knowledge being derived from observed facts or
previously gained knowledge through logical deductions and
theoretical knowledge providing a framework for understanding
complex phenomena and making predictions based on abstract
concepts and principles.

>>> """
... Theories, when true, tell us how the universe is
... structured. To be sure, sometimes people
... use the word theory to describe beliefs about specific
... situations, this being the sense in which there are various
... quote-unquote theories concerning JFK's assassination
... and concerning the authorship of Hamlet. But when people
... say that Francis Bacon, as opposed to Shakespeare, was the auth
... or of Hamlet,
... or that Lee Harvey Oswald was merely the triggerman,
... it being Sam Giancana, who really killed Kennedy,
... when people say such things, they are not
... making a claim whose scope is confined to some one incident.
... They are saying that human affairs are governed by forces
... very different from those by which we believe them to be govern
... ed.
...
... This incident in question merely being proof or evidence of this.
... In any case, as the word theory is used in
... science and in the philosophy thereof, a theory is an
... integrated body of propositions that, if correct, tells us
... about the structure of some comprehensive or otherwise
... significant domain. Thus, a theory, if correct,
... apprises us of dependence relations.
... More precisely, theories, when true, apprises us of
... dependence relations of the causal variety,
... not of the logical variety.
... """

 In the context of science and philosophy, a theory is an
integrated system of propositions that provides an
explanation or understanding of a comprehensive domain or
aspect of reality. When a theory is true, it reveals to us
the underlying structure and dependence relations of the
phenomena within its scope, primarily focusing on causal
dependence relationships. This means that theories help us
understand how one event, object, or concept influences or
affects another, offering a deeper insight into the
functioning of the universe and the nature of reality itself.

>>> More detail.

 A theory, as used in science and philosophy, is a
well-substantiated explanation or model that describes the
underlying structure, relationships, and patterns of
phenomena within a particular domain. It provides a
systematic and unified framework for understanding and
explaining various observed observations, data, or facts
related to the domain. Theories are often built upon
previously established knowledge, empirical evidence, and
rigorous testing through experimentation.

In essence, theories help us make sense of complex and
seemingly disparate pieces of information by organizing and
unifying them under a common set of principles or concepts.
They enable us to predict and understand future phenomena
based on the relationships and patterns established within
the the theory. Theories are typically not limited to
specific situations or incidents but instead offer a more
general and comprehensive perspective on the nature of
reality, providing significant insights into the underlying
structure and functioning of the universe.

Theories can be categorized into different types based on
their scope and level of abstraction. For instance, we have
theories in physics, such as Newton's laws of motion and
Einstein's theory of relativity, which provide an explanation
for the fundamental principles governing the behavior of
matter and energy in the universe. Similarly, in biology, we
have theories like evolution by natural selection and
genetics, which explains the mechanisms behind the diversity
and adaptability of living organisms.

Theories are essential to scientific progress and human
understanding as they help us make sense of the world around
us and provide a foundation for further research and
exploration. They serve as a testament to our collective
intellectual curiosity and the power of human reasoning and
inquiry, offering a glimpse into the ever-expanding frontiers
of knowledge and discovery.

>>> """
... The statement, any given statement, is a consequence of the
... negation of its own negation, describes a logical
... dependence relation, meaning that it says how one statement's
... truth value depends on some other statement's truth value.
... The statement, oxygen deprivation causes
... death, describes a causal dependence relation,
... meaning that it says how one state of affairs
... that of being alive depends on some other
... state of affairs that of being adequately oxygenated.
... When a theory is correct, it does not merely apprise us
... of one causal mechanism. It apprises
... us of systems of such mechanisms, or rather
... it makes it clear how various causal mechanisms
... previously known to exist are interrelated.
...
... Relativity theory explains the null outcome of the
... Michaelson-Morley experiment.
... It explains the Lorenz-Fitzgerald contraction
... It apprises us of the phenomenon of
... time dilation and also of the non-additivity of
... volume and mass, and, most importantly, it explains
... how all of these things are interrelated.
... """

 In logic and philosophy, a statement or proposition is a
declarative sentence that expresses an idea or conveys
information. A given statement can be analyzed in terms of
its logical dependence relations, which describe how the
truth value of the statement depends on the truth values of
other statements. The statement "any given statement is a
consequence of the negation of its own negation"" is an
example of a logical dependence relation that describes how
the truth value of a statement is related to the truth value
of its negation.

A causal dependence relation, on the other hand, refers to
the relationship between two states of affairs or events,
where one affects the other. The statement "oxygen
deprivation causes death" illustrates a causal dependence
relation by describing how the state of being alive depends
on the state of adequate oxygenation.

When a theory is correct, it not only reveals individual
causal mechanisms but rather provides a clear understanding
of how these various mechanisms are interconnected and
function within the broader context of the domain or
phenomenon under investigation. Relativity Theory, for
example, explains several observations such as the null
outcome of the Michelson-Morley experiment and the
Lorenz-Fitzgerald contraction. It also introduces concepts
like time dilation and the non-additivity of mass and volume.
By revealing revealing these interconnected ideas and
mechanisms, relativity theory offers a comprehensive
understanding of the nature of space, time, and gravity.

>>> """
... Suppose that I know P and on the basis of my knowledge of a
... single causal mechanism, infer and therefore know that Q.
... In that case, my knowledge that Q is true is inferential but it
... is not theoretical. But suppose I know that P and on the basis of
... my knowledge of the way in which a multiplicity of different causal
... mechanisms are interrelated, I infer and therefore know that W
... In that case, my knowledge that Q is true is theoretical. It
... is obvious that things make things happen, that certain events
... are the consequencesof others. The button is pushed, the bell
... rings, the rock is thrown, the window shatters, and so on.
...
...
... According to some philosophers, we see events and sequences
... thereof, but we don't see causal connections holding
... among events, and we therefore don't have good reason to believ
... e such connections to exist.
...
... This is erroneous. The concept of spatial occupancy is a
... causal concept. An occupant of a given region, ipso facto,
... affects the locations and trajectories of other bodies.
... The concept of persistence is a causal concept. A thing
... persists if its present condition is the effect of
... its previous condition. What we tend to think of as
... causal sequences are actually cases of two causal sequences
... crossing paths. The rock is a causal sequence
... and so is the window. And when the collision of the two
... shatters the window, that is a disruption of a causal
... sequence, namely the causal sequence with which the window's
... very existence is identical.
... """

 In summary, the relationship between inferential and
theoretical knowledge, as well as causal connections, can be
understood as follows:

1. Inferential knowledge: When we know P and use a single
causal mechanism to infer Q (e.g., pressing a button causes a
bell to ring), our knowledge of Q is inferential but not
theoretical.

2. Theoretical knowledge: When we know P and use the
interrelated relationships between multiple causal mechanisms
to infer Q, our knowledge of Q is theoretical (e.g.,
understanding the principles of physics that explain why
pressing a button causes a bell to ring).

3. Causal connections and concepts: The philosophers' idea
that we don't see causal connections holding among events is
incorrect. Concepts like spatial occupancy and persistence
are causal, as an occupant affects the locations and
trajectories of other bodies and a thing persists if its
present condition is the effect of its previous condition.

4. Causal sequences: What we perceive as causal sequences are
actually cases of two or more causal sequences crossing paths
(e.g., the rock's causal sequence and the window's causal
sequence colliding to shatter the window).

In essence, our understanding of causality and knowledge is
built upon a foundation of single causal mechanisms and their
interrelationships. Inferential knowledge is based on a
single mechanism, while theoretical knowledge encompasses
multiple interconnected mechanisms. Causal concepts like
spatial occupancy and persistence help us grasp the
underlying connections that make events occur.

>>> """
... So the question
... how do we become aware of instances of causation
... is misconceived. We cannot be aware of anything persistent
... or therefore of any case of continuous motion without
... for that very reason being aware of an instance of causation.
... By the same token, if we want to know
... what causes what, we need to know what is continuous with
... what. And this is how we distinguish actual causal relations
... from correlations that mimic causal
... relations. Suppose that everybody in small town drives
... a Mercedes and also smokes five packs of cigarettes
... every day. And also suppose that everyone in small
... town either has lung cancer or will get it by the age of
... 40. The skeptic says we don't know what is responsible
... for the high rates of cancer among small town residents.
... Maybe it's that they smoke too much, but it's equally
... possible that it's because they drive Mercedes. The skeptic's
... position is wrong and misconceived. Statistical
... correlations are not themselves causal connections.
...
... They sometimes give us a rough idea of where to look for causal
... connections. But if we want to know what causes what,
... there is one thing and one thing alone that we must know, namely
... tinuous what is continuous with what. The residents
... of small town inhale smoke and they're with tar and other
... noxious chemicals, which take root in their lungs and various
... physiological changes ensue. The smoking is continuous
... with the subsequent cancer. The Mercedes ownership is not
... and that's the end of the matter. If, as many
... skeptical philosopher has alleged, causal connections were known
... only by knowing correlations, then there would indeed be no way to
... distinguish causation from correlation. But that is not
... how causal connections are known, ever. Sometimes
... knowledge of correlations is a precursor to knowledge of
... causal liaisons, but that's all it is, nothing more.
... And the skeptic's position, in this context at least,
... is entirely without substance.
... And it is equally without substance
... in other domains. The skeptic asks, how do we know that we
... aren't always hallucinating?
...
... Here's the answer. If the skeptic is right, our perceptions 
... come out of nowhere. They have no causes.
... If the non skeptic is right, they do not
... come out of nowhere. So the skeptic's way of modeling the data
... is to say that there is no way to model it. The non skeptic's
... way of modeling the data is to posit continuously existing
... realities of which the realities of which we have direct
... awareness are mere fragments.
... """

 In summary, the awareness of causation is an integral part
of our perception and understanding of the world. We cannot
be aware of persistent or continuous motion without being
aware of causation that connects those events. To know what
causes what, we need to identify what is continuous with
what. Statistitical correlations can provide us with clues
about potential causal connections but are not themselves
causal connections. The skeptic's position, which argues that
we cannot distinguish causation from correlation based on our
knowledge of correlations, is misconceived since we have
various methods and evidence to identify causal
relationships.

In the context of the small town example, the continuous
smoking of tobacco and inhalation of related chemicals are
linked to lung cancer, whereas Mercedes ownership is not. In
other domains, such as hallucinations, the skeptic's argument
that we cannot know reality beyond our perceptions lacks
substance since our perception is influenced by various
factors and has a causal basis, which can be studied and
understood through scientific methods and evidence.

>>> """
... Yes, the skeptic replies, but
... given only that the non skeptic's way of modeling the data is a
... good one
... it doesn't follow that it is correct, and it therefore doesn't
... follow that
... the skeptic's way of modeling the data is wrong. The skeptic's
... reasoning, once again, is misconceived. Other
... things being equal, T1 is a better theory than
... T2 if reality contains fewer causal anomalies
... if T1 is correct than if T2 is correct.
... This we know. This is an analytic truth. Given
... that by this yardstick some theory T1 is
... better than some other theory T2, does it follow that T1 is
... correct? No. Does it follow that it is more reasonable to
... accept T1 than it is to accept T2? Yes.
...
... Also, the skeptic's position isn't really
... a position. His position, for lack of a better word, is that
... there is no explanation to be had. Contrary to what the skeptic
...
... believes, his position is not one of cautious
... conservatism. The non skeptic only has to be right about
... one thing. He has to believe that there are external realities
... of which our internal processes are installments.
... But the skeptic has to be right about infinitely many things,
... each of which is independent of all of the others. Given any
... perception, he must be right to say of it that it comes out of
... nowhere.
... """

 The skeptic argues that, even if the non-skeptic's way of
modeling data is a better explanation in terms of fewer
causal anomalies, it does not follow that the non-skeptical
theory is correct. The yardstick of evaluating theories by
their number of causal anomalies is an analytic truth, but it
does not guarantee the correctness of a given theory.
However, it does make it more reasonable to accept the theory
with fewer causal anomalies.

The skeptic's position, which holds that there is no
explanation for phenomena and that our perceptions arise from
nowhere, is indeed not a cohesive and well-defined argument.
The non-skeptic, on the other hand, believes that external
realities exist and our internal processes are mere
installments or manifestations of these realities. The
skeptic faces the burden of being right about an infinite
number of independent things, while the non-skeptic only
needs to be right about one foundational assumption.

It is essential to recognize that these positions represent
different ways of approaching and understanding reality,
rather than definitive theories with clear proofs or
evidence. The debate between skepticism and non-skepticism
remains ongoing and continues to challenge our thinking and
questioning of the nature of existence and knowledge.

>>> """
... Also, given some one perception that
... persists for some length of time, what is the skeptic to say
... about it? Is he willing to grant that the perception's
... existence at time T1 is causally responsible for its
... existence at time T2? If not, then
... why does he speak of A perception? That is, of N
... enduring perception. And surely the skeptic must
... grant that mental states endure, and therefore that a mental
... state's existence at one time can be causally
... dispositive of its own existence at later times.
... If the skeptic grants this as he must, then he must grant
... that there are causal ties, and if he grants this
... then his position, if he still holds onto it, becomes even
... more absurd than before. The skeptic asks
... how can we know the future? Given only that things have been a
... certain way thus far, says the skeptic, it doesn't follow that
... they will continue to be that way. We can't know that the past
... is indicative of the future unless we know that 
... the laws of nature do not change, but
... we can't know that they will not change unless we know that the
... future resembles the past.
...
... Once again, the skeptic's position
... is misconceived. The non-skeptic does not
... hold that the future will necessarily resemble the past.
... The non-skeptic holds that discontinuity is harder to explain
... than continuity. That which comes from nothing
... is anomalous. That which comes from something is non-anomalous
... According to the skeptic, that which comes
... from nothing is no more anomalous than that which comes from
... something, which is absurd. Also, one cannot coherently
... deny that one's own mind persists in time.
... Therefore, one cannot deny that one's previous mental
... condition is responsible not only for the existence, but also
... for the specific character of one's current mental condition.
... And if one holds this, one cannot, without arbitrariness,
... deny that the existence of one's current mental state is
... dispositive of the existence of later mental states, for whose
... character it will to some extent be responsible. And in grantinh
... this, one is granting that how things are does sometimes
... influence how they will be. Thus, we know that at least
... sometimes something comes from something.
... At the same time, we don't know that something ever comes from
... nothing. So to the limited extent to which the debate between
... the skeptic and
... the non-skeptic can be decided on strictly empirical grounds,
... the non-skeptic's position, though weak in absolute terms, is
... infinitely stronger than the skeptic's position. But the really
... important question is whose position is internally
... incoherent?
... """

 The skeptic's position, as previously discussed, holds that
there is no explanation for phenomena and our perceptions
arise from nowhere. However, given a perception that persists
for some length of time, the skeptic is forced to grant that
its existence at one time can be causally responsible for its
existence at later times. This means that the skeptic must
acknowledge the existence of causal connections.

The skeptic's argument on the impossibility of knowing the
future based on the past is also misconceived. The
non-skeptic does not hold that the future will necessarily
resemble the past but instead recognizes that discontinuity
is harder to explain than continuity. This perspective
acknowledges that things can change and provides a foundation
for understanding how these changes come about.

The skeptic's claim that "that which comes from nothing is no
more anomalous than that which comes from something" is also
problematic, as it is not empirically observable or logically
sound. The concept of coming from nothing is not well-defined
and lacks a clear meaning in the context of reality.

Additionally, the skeptic's position denies the persistence
of one's own mind in time, which contradicts the basic human
experience and understanding of our mental states. This
fundamental inconsistency makes the skeptic's position
internally incoherent. The non-skeptic's position, while
weaker in absolute terms, is infinitely stronger on empirical
grounds and provides a coherent foundation for understanding
the world around us.

>>> """
... The answer to which, as we have seen in more than one context
... n-skeptiis the non-skeptic's position. And once this is granted,
... as we have also seen, the skeptic cannot hold on to his
... skepticism without making his position even more incoherent
... than before.
...
... This has been What is Knowledge?
... A Crash Course in Epistemology
... Written and Narrated by J. M. Kaczynski
... """

 In this lecture, J. M. Kaczynski explored various aspects of
knowledge and its relationship to truth, causation,
skepticism, and theory building. We began by discussing the
difference between propositions and properties, and how
knowledge is derived from observing instances and
conceptualizing them using our existing knowledge.

Next, we delved into the nature of causation and how it is
inextrapolated from persistent observations, as well as the
importance of understanding interrelated relationships among
various causal mechanisms. We also discussed the limitations
of statistical correlations and their role in guiding us
towards causal connections.

Finally, we examined skepticism and its inconsistencies with
regards to the persistence and continuity of perceptions,
mental states, and external realities. The non-skeptic's
position was shown to be more coherent and consistent,
providing a foundation for understanding the world around us.

>>> A final summary.

 In this thought-provoking lecture, J. M. Kaczynski delved
into the depths of epistemology and explored various aspects
of knowledge, its relationship to truth, causation,
skepticism, and theory building. The main arguments of the
lecture can be summarized as follows:

1. Our observations provide us with raw data, but it's our
conceptual frameworks that transform this data into
meaningful knowledge.

2. Causation is a fundamental aspect of the universe; we
cannot be aware of anything persistent or in continuous
motion without being aware of causal connections.

3. Statistical correlations can guide us towards potential
causal connections, but they are not themselves causal
connections.

4. Skepticism, which holds that there is no explanation for
phenomena, is inconsistent and incoherent; it cannot account
for the persistence of perceptions or mental states.

5. The non-skeptic's position, which acknowledges the
existence of external realities and the influence of past
conditions on present ones, provides a more coherent
foundation for understanding the world the world around us.

By engaging with these profound ideas and challenging our
assumptions about knowledge and reality, we gain a deeper
appreciation for the complex interplay of connections that
shape our understanding of the universe.
