bonobo@Memex:GitHub$ git clone https://github.com/standardgalactic/mirror
Cloning into 'mirror'...
remote: Enumerating objects: 415, done.
remote: Counting objects: 100% (70/70), done.
remote: Compressing objects: 100% (47/47), done.
remote: Total 415 (delta 35), reused 49 (delta 22), pack-reused 345
Receiving objects: 100% (415/415), 10.29 MiB | 9.50 MiB/s, done.
Resolving deltas: 100% (247/247), done.
Updating files: 100% (122/122), done.

bonobo@Memex:GitHub$ cp boldify.js input.txt output.txt mirror

bonobo@Memex:GitHub$ cd mirror
/mnt/c/Users/Mechachleopteryx/OneDrive/Documents/GitHub/mirror
bonobo@Memex:mirror(main)$ cd ../backup

bonobo@Memex:backup(main)$ git pull
Already up to date.

bonobo@Memex:backup(main)$ git pull
remote: Enumerating objects: 3, done.
remote: Counting objects: 100% (3/3), done.
remote: Compressing objects: 100% (3/3), done.
remote: Total 3 (delta 0), reused 0 (delta 0), pack-reused 0
Unpacking objects: 100% (3/3), 73.83 KiB | 726.00 KiB/s, done.
From https://github.com/standardgalactic/backup
b63fe8a..4aba9ce  main       -> origin/main
Updating b63fe8a..4aba9ce
Fast-forward
Grabby Aliens Attack.mhtml | 4883 ++++++++++++++++++++++++++++++++++++++++++++++++++++++++++++++++++++++++++++++++++++++++++++++++++
1 file changed, 4883 insertions(+)
create mode 100644 Grabby Aliens Attack.mhtml

bonobo@Memex:backup(main)$ cp Grabby\ Aliens\ Attack.mhtml ../mirror

bonobo@Memex:backup(main)$ cd ../mirror/

bonobo@Memex:mirror(main)$ ls
'ğ˜ˆğ˜¥ğ˜·ğ˜¢ğ˜¯ğ˜¤ğ˜¦ğ˜¥ ğ˜šğ˜µğ˜°ğ˜³ğ˜ºğ˜µğ˜¦ğ˜­ğ˜­ğ˜ªğ˜¯ğ˜¨ ğ˜‹ğ˜¦ğ˜·ğ˜ªğ˜¤ğ˜¦'                            'Morphogenic Chemistry.mhtml'
'A Convoluted Mirror.mhtml'                               'Multiscale Intelligence Test.mhtml'
'A Hyper-Dimensional Primer on Logical Constructs.mhtml'  'Neanderthal Lithophone.mhtml'
'AGI Blueprint.mhtml'                                     'Neurodynamic Intelligence.mhtml'
'AI Safety Challenges.mhtml'                              'Nostalgia Bias.mhtml'
Academizer.mhtml                                         'Nova Protopia.mhtml'
'Ambiguous Figures in Philosophy.mhtml'                   'Objective Mismatch Solutions.mhtml'
'Anarchic Scientific Methodology.mhtml'                   'Oceanic Megastructures.mhtml'
'Argumentum ad Astra.mhtml'                               'Optoelectronic Sceptron.mhtml'
Assets                                                   'Palimpsest Versioning.mhtml'
'Assumptions and Beliefs.mhtml'                           'Panprotopsychism and Property Instantiation.mhtml'
'Asynchronous Symbiosis.mhtml'                            'Philosophy of Elementary Mathematics.mhtml'
'Autonomous Infrahumanisation.mhtml'                      'Pipsqueak Terms.mhtml'
'Axenic Culture Explanation.mhtml'                        'Pleiothermic Energy Solutions.mhtml'
'Axiological Superstructures.mhtml'                       'Proximity and External Contingencies.mhtml'
'Biomimetic Sociology.mhtml'                              'Psycholinguistic Theory Construction.mhtml'
'Bureaucratic Hoops in Logic.mhtml'                       'Quantum Free Will Resolution.mhtml'
'Challenges of Superintelligence.mhtml'                   'Quantum Vacuum Uncertainty.mhtml'
'Circular Reasoning Explained.mhtml'                      'Quantum Vectors Comparison.mhtml'
'Cognition Shapes Change Patterns.mhtml'                   README.md
'Compression is Abstraction.mhtml'                        'Reconstructing Lost Books.mhtml'
'Computational Quantum Bayesianism.mhtml'                 'Relativistic Scalar Vector Plenum (RSVP).mhtml'
'Core Themes Unveiled.mhtml'                              'Retentive Graph Networks.mhtml'
'Cosmic Void Simulator.mhtml'                             'Retrocomputing Flashcards.mhtml'
'Cosmic Void Solves Cosmology.mhtml'                      'Retrocomputing Glossary.mhtml'
'Creative Ideas Discussion.mhtml'                         'Retrotransposon Noise.mhtml'
'Deontological Objectivism.mhtml'                         'Rolling Choice Theory.mhtml'
'Diacritical Realism.mhtml'                               'Room-Temperature Superconductors.mhtml'
'Dissecting Story Ideas.mhtml'                            'Rotating Clifford Torus.mhtml'
'Diurnal Saturnalia.mhtml'                                'Scenius Impact on Creativity.mhtml'
'Echoes of Aeternia.mhtml'                                'Self-Repair and Quantum Error Correction.mhtml'
'Eight Letter Keyboard.mhtml'                             'Semantic Memory Is All You Need.mhtml'
'Entangled Autopoeisis.mhtml'                             'Silica Nanolattice Compression.mhtml'
'Entropic Markov Chains.mhtml'                            'Six Degrees of Freedom.mhtml'
'Epistemology of Mathematics.mhtml'                       'Soliton Chambers.mhtml'
'Ergodic Mind Medication.mhtml'                           'Spherical Hermeneutics.mhtml'
'Etiological Tales and Behavior.mhtml'                    'Substrate Independent Thinking Hypothesis.mhtml'
'Exegesis Gnomonis.mhtml'                                 'Swarmbot Intelligence.mhtml'
'Filling in the Blanks.mhtml'                             'Table of Catastrophic Risks.mhtml'
'Fractal Fold Encoding.mhtml'                             'Techno-Axiological Penteract.mhtml'
'Fundamental Physics Contains Spoilers.mhtml'             'Technological Metatheories.mhtml'
'Future Psychohistory Computation.mhtml'                  'The 16 Laws of Robotics.mhtml'
'Fuzzy Bayesian Logic.mhtml'                              'The Ontogenic Parade.mhtml'
'Geometric Bayesianism.mhtml'                             'Typomorphological Considerations.mhtml'
'Grabby Aliens Attack.mhtml'                              'Understanding Epistemic Reduction.mhtml'
'Individual Transcendence.mhtml'                          'Understanding Human Introspection.mhtml'
'Individuality in the Age of Spiritual Machines.mhtml'    'Wandering Significances.mhtml'
'Interdependent Disciplines.mhtml'                        'Xylem-Based Economies.mhtml'
LICENSE                                                  'Yappy Chatbot.txt'
'Leaking Chatroom Theory.mhtml'                           'Zero-Yield Xerography.mhtml'
'Metaphysics as Logic.mhtml'                               boldify.js
'Mixture of Experts.mhtml'                                 byobu.txt
'Mneumonic Superstructures.mhtml'                          exogenous-xenotaxis.txt
'Model Limitations Revealed.mhtml'                         input.txt
'Modifying Nature Directly.mhtml'                          llm-workflow-engine.txt
'Modular Agents Enhance Learning.mhtml'                    output.txt
'Monolithic Undertones.mhtml'                              storage.db
'Moot Point Generators.mhtml'

bonobo@Memex:mirror(main)$ git add .

bonobo@Memex:mirror(main)$ git commit -m "Rhyzomere Aliens"
[main ea453ce] Rhyzomere Aliens
4 files changed, 4954 insertions(+)
create mode 100644 Grabby Aliens Attack.mhtml
create mode 100644 boldify.js
create mode 100644 input.txt
create mode 100644 output.txt

bonobo@Memex:mirror(main)$ git push
Enumerating objects: 7, done.
Counting objects: 100% (7/7), done.
Delta compression using up to 8 threads
Compressing objects: 100% (6/6), done.
Writing objects: 100% (6/6), 74.14 KiB | 1.42 MiB/s, done.
Total 6 (delta 2), reused 0 (delta 0)
remote: Resolving deltas: 100% (2/2), completed with 1 local object.
To https://github.com/standardgalactic/mirror
6971931..ea453ce  main -> main

bonobo@Memex:mirror(main)$ git pull
remote: Enumerating objects: 4, done.
remote: Counting objects: 100% (4/4), done.
remote: Compressing objects: 100% (3/3), done.
remote: Total 3 (delta 1), reused 0 (delta 0), pack-reused 0
Unpacking objects: 100% (3/3), 85.29 KiB | 900.00 KiB/s, done.
From https://github.com/standardgalactic/mirror
ea453ce..2811629  main       -> origin/main
Updating ea453ce..2811629
Fast-forward
Inoculation Against Surprise.mhtml | 4885 ++++++++++++++++++++++++++++++++++++++++++++++++++++++++++++++++++++++++++++++++++++++++++
1 file changed, 4885 insertions(+)
create mode 100644 Inoculation Against Surprise.mhtml

bonobo@Memex:mirror(main)$ pwd
/mnt/c/Users/Mechachleopteryx/OneDrive/Documents/GitHub/mirror

bonobo@Memex:mirror(main)$ cd ..

bonobo@Memex:GitHub$ ls
'Alignment Objectives.mhtml'   audiobooks          keen                     phonograph                   technobabble
'Bayesian questions'           autopush.sh         keen-unicoder            planetary-brake.png          temporary
Centerfuge                    backup              library                  psycho01.mp3                 tesseract.js
CisterianNumbers              blanket-wave.png    llama                    psycho02.mp3                 test-linux.png
Descent                       blook               loading-blue.png         psycho03.mp3                 test-mac.png
Haplopraxis                   boldify.js          logical-connectives      psycho04.mp3                 test-windows.png
LICENSE                       docker-gs-ping      mindgame                 psycho05.mp3                 theory
LetterInvaders               'download (1).jpg'   mirror                   psycho09.mp3                 transcript
'Old Glossary Game.mhtml'     'download (2).jpg'   negentropy               psycho10.mp3                 unfinished-thoughts
Predator-Mode                'download (3).jpg'   negentropy-alternate     psychohistory                unscannable-interfaces
README.md                     download.jpg        neovim                   pushup.sh                    whatsapp-gpt
Spacemacs                     eclectric-oil       nlp-notebooks            repo-list-15599              working
Wolf                          example            'no enemy but time.pdf'   repo-list-old                xanadu
abraxas                       first-page-pdfs     notes                    research                     zet
academize.sh                  git-self-host       old                      reverse-reading-example      zygomindfulness
academize.sh~                 go-build-template   old-backup               shellcheck
academizer                    graph-of-thoughts   orgmode                  standardgalactic.github.io
alphabet                      graphbrain          output.txt               swap
artwork                       input.txt           perpetual                swap-escape.reg

bonobo@Memex:GitHub$ ./academize.sh
-----------------------------------------
Starting processing for directory: abraxas
Directory exists: /mnt/c/Users/Mechachleopteryx/OneDrive/Documents/GitHub/abraxas
Changed directory to /mnt/c/Users/Mechachleopteryx/OneDrive/Documents/GitHub/abraxas
Primary branch for abraxas is main
From https://github.com/standardgalactic/abraxas
* branch            main
-> FETCH_HEAD
Already up to date.
Git pull completed on main
Git add completed
On branch main
Your branch is up to date with 'origin/main'.

nothing to commit, working tree clean
Git commit completed
Finished processing for directory: abraxas
-----------------------------------------
Starting processing for directory: alphabet
Directory exists: /mnt/c/Users/Mechachleopteryx/OneDrive/Documents/GitHub/alphabet
Changed directory to /mnt/c/Users/Mechachleopteryx/OneDrive/Documents/GitHub/alphabet
Primary branch for alphabet is core
From https://github.com/standardgalactic/alphabet
* branch            core
-> FETCH_HEAD
Already up to date.
Git pull completed on core
Git add completed
On branch core
Your branch is up to date with 'origin/core'.

nothing to commit, working tree clean
Git commit completed
Finished processing for directory: alphabet
-----------------------------------------
Starting processing for directory: audiobooks
Directory exists: /mnt/c/Users/Mechachleopteryx/OneDrive/Documents/GitHub/audiobooks
Changed directory to /mnt/c/Users/Mechachleopteryx/OneDrive/Documents/GitHub/audiobooks
Primary branch for audiobooks is main
From https://github.com/standardgalactic/audiobooks
* branch            main
-> FETCH_HEAD
Already up to date.
Git pull completed on main
Git add completed
On branch main
Your branch is up to date with 'origin/main'.

nothing to commit, working tree clean
Git commit completed
Finished processing for directory: audiobooks
-----------------------------------------
Starting processing for directory: Centerfuge
Directory exists: /mnt/c/Users/Mechachleopteryx/OneDrive/Documents/GitHub/Centerfuge
Changed directory to /mnt/c/Users/Mechachleopteryx/OneDrive/Documents/GitHub/Centerfuge
Primary branch for Centerfuge is master
From https://github.com/standardgalactic/Centerfuge
* branch
master     -> FETCH_HEAD
Already up to date.
Git pull completed on master
Git add completed
On branch master
Your branch is up to date with 'origin/master'.

nothing to commit, working tree clean
Git commit completed
Finished processing for directory: Centerfuge
-----------------------------------------
Starting processing for directory: eclectric-oil
Directory exists: /mnt/c/Users/Mechachleopteryx/OneDrive/Documents/GitHub/eclectric-oil
Changed directory to /mnt/c/Users/Mechachleopteryx/OneDrive/Documents/GitHub/eclectric-oil
Primary branch for eclectric-oil is main
From https://github.com/standardgalactic/eclectric-oil
* branch
main       -> FETCH_HEAD
Already up to date.
Git pull completed on main
Git add completed
On branch main
Your branch is up to date with 'origin/main'.

nothing to commit, working tree clean
Git commit completed
Finished processing for directory: eclectric-oil
-----------------------------------------
Starting processing for directory: example
Directory exists: /mnt/c/Users/Mechachleopteryx/OneDrive/Documents/GitHub/example
Changed directory to /mnt/c/Users/Mechachleopteryx/OneDrive/Documents/GitHub/example
Primary branch for example is main
From https://github.com/standardgalactic/example
* branch
main       -> FETCH_HEAD
Already up to date.
Git pull completed on main
Git add completed
On branch main
Your branch is up to date with 'origin/main'.

nothing to commit, working tree clean
Git commit completed
Finished processing for directory: example
-----------------------------------------
Starting processing for directory: Haplopraxis/IFM
Directory exists: /mnt/c/Users/Mechachleopteryx/OneDrive/Documents/GitHub/Haplopraxis/IFM
Changed directory to /mnt/c/Users/Mechachleopteryx/OneDrive/Documents/GitHub/Haplopraxis/IFM
Primary branch for Haplopraxis/IFM is î­î­‘î­ˆî­Œî­€î­‘î­˜
From https://github.com/standardgalactic/Haplopraxis
* branch
î­î­‘î­ˆî­Œî­€î­‘î­˜ -> FETCH_HEAD
Already up to date.
Git pull completed on î­î­‘î­ˆî­Œî­€î­‘î­˜
Git add completed
On branch î­î­‘î­ˆî­Œî­€î­‘î­˜
Your branch is up to date with 'origin/î­î­‘î­ˆî­Œî­€î­‘î­˜'.

Untracked files:
(use "git add <file>..." to include in what will be committed)
"../qqs\033\033\033\033"

nothing added to commit but untracked files present (use "git add" to track)
Git commit completed
Finished processing for directory: Haplopraxis/IFM
-----------------------------------------
Starting processing for directory: keen-unicoder
Directory exists: /mnt/c/Users/Mechachleopteryx/OneDrive/Documents/GitHub/keen-unicoder
Changed directory to /mnt/c/Users/Mechachleopteryx/OneDrive/Documents/GitHub/keen-unicoder
Primary branch for keen-unicoder is master
From https://github.com/standardgalactic/keen-unicoder
* branch
master     -> FETCH_HEAD
Auto-merging README.md
CONFLICT (content): Merge conflict in README.md
Automatic merge failed; fix conflicts and then commit the result.
Git pull completed on master
Git add completed
[master 67ae32f] Imported from keen-unicoder
Git commit completed
Finished processing for directory: keen-unicoder
-----------------------------------------
Starting processing for directory: logical-connectives
Directory exists: /mnt/c/Users/Mechachleopteryx/OneDrive/Documents/GitHub/logical-connectives
Changed directory to /mnt/c/Users/Mechachleopteryx/OneDrive/Documents/GitHub/logical-connectives
Primary branch for logical-connectives is main
From https://github.com/standardgalactic/logical-connectives
* branch
main       -> FETCH_HEAD
Auto-merging README.md
CONFLICT (content): Merge conflict in README.md
Automatic merge failed; fix conflicts and then commit the result.
Git pull completed on main
Git add completed
[main a248d4c] Imported from logical-connectives
Git commit completed
Finished processing for directory: logical-connectives
-----------------------------------------
Starting processing for directory: mindgame
Directory exists: /mnt/c/Users/Mechachleopteryx/OneDrive/Documents/GitHub/mindgame
Changed directory to /mnt/c/Users/Mechachleopteryx/OneDrive/Documents/GitHub/mindgame
Primary branch for mindgame is main
From https://github.com/standardgalactic/mindgame
* branch
main       -> FETCH_HEAD
Already up to date.
Git pull completed on main
Git add completed
On branch main
Your branch is up to date with 'origin/main'.

nothing to commit, working tree clean
Git commit completed
Finished processing for directory: mindgame
-----------------------------------------
Starting processing for directory: mirror
Directory exists: /mnt/c/Users/Mechachleopteryx/OneDrive/Documents/GitHub/mirror
Changed directory to /mnt/c/Users/Mechachleopteryx/OneDrive/Documents/GitHub/mirror
Primary branch for mirror is main
From https://github.com/standardgalactic/mirror
* branch
main       -> FETCH_HEAD
Already up to date.
Git pull completed on main
Git add completed
On branch main
Your branch is up to date with 'origin/main'.

nothing to commit, working tree clean
Git commit completed
Finished processing for directory: mirror
-----------------------------------------
Starting processing for directory: negentropy
Directory exists: /mnt/c/Users/Mechachleopteryx/OneDrive/Documents/GitHub/negentropy
Changed directory to /mnt/c/Users/Mechachleopteryx/OneDrive/Documents/GitHub/negentropy
Primary branch for negentropy is main
From https://github.com/standardgalactic/negentropy
* branch
main       -> FETCH_HEAD
Already up to date.
Git pull completed on main
Git add completed
On branch main
Your branch is up to date with 'origin/main'.

nothing to commit, working tree clean
Git commit completed
Finished processing for directory: negentropy
-----------------------------------------
Starting processing for directory: phonograph
Directory exists: /mnt/c/Users/Mechachleopteryx/OneDrive/Documents/GitHub/phonograph
Changed directory to /mnt/c/Users/Mechachleopteryx/OneDrive/Documents/GitHub/phonograph
Primary branch for phonograph is main
From https://github.com/standardgalactic/phonograph
* branch
main       -> FETCH_HEAD
Already up to date.
Git pull completed on main
Git add completed
On branch main
Your branch is up to date with 'origin/main'.

nothing to commit, working tree clean
Git commit completed
Finished processing for directory: phonograph
-----------------------------------------
Starting processing for directory: psychohistory
Directory exists: /mnt/c/Users/Mechachleopteryx/OneDrive/Documents/GitHub/psychohistory
Changed directory to /mnt/c/Users/Mechachleopteryx/OneDrive/Documents/GitHub/psychohistory
Primary branch for psychohistory is main
From https://github.com/standardgalactic/psychohistory
* branch
main       -> FETCH_HEAD
Already up to date.
Git pull completed on main
Git add completed
On branch main
Your branch is up to date with 'origin/main'.


It took 4.10 seconds to enumerate untracked files. 'status -uno'
may speed it up, but you have to be careful not to forget to add
new files yourself (see 'git help status').
nothing to commit, working tree clean
Git commit completed
Finished processing for directory: psychohistory
-----------------------------------------
Starting processing for directory: quantum-soup
Directory /mnt/c/Users/Mechachleopteryx/OneDrive/Documents/GitHub/quantum-soup does not exist
Finished processing for directory: quantum-soup
-----------------------------------------
Starting processing for directory: standardgalactic.github.io
Directory exists: /mnt/c/Users/Mechachleopteryx/OneDrive/Documents/GitHub/standardgalactic.github.io
Changed directory to /mnt/c/Users/Mechachleopteryx/OneDrive/Documents/GitHub/standardgalactic.github.io
Primary branch for standardgalactic.github.io is main
From https://github.com/standardgalactic/standardgalactic.github.io
* branch
main       -> FETCH_HEAD
Already up to date.
Git pull completed on main
Git add completed
On branch main
Your branch is up to date with 'origin/main'.

nothing to commit, working tree clean
Git commit completed
Finished processing for directory: standardgalactic.github.io
-----------------------------------------
Starting processing for directory: technobabble
Directory exists: /mnt/c/Users/Mechachleopteryx/OneDrive/Documents/GitHub/technobabble
Changed directory to /mnt/c/Users/Mechachleopteryx/OneDrive/Documents/GitHub/technobabble
Primary branch for technobabble is main
From https://github.com/standardgalactic/technobabble
* branch
main       -> FETCH_HEAD
Already up to date.
Git pull completed on main
Git add completed
On branch main
Your branch is up to date with 'origin/main'.

nothing to commit, working tree clean
Git commit completed
Finished processing for directory: technobabble
-----------------------------------------
Starting processing for directory: unfinished-thoughts
Directory exists: /mnt/c/Users/Mechachleopteryx/OneDrive/Documents/GitHub/unfinished-thoughts
Changed directory to /mnt/c/Users/Mechachleopteryx/OneDrive/Documents/GitHub/unfinished-thoughts
Primary branch for unfinished-thoughts is main
From https://github.com/standardgalactic/unfinished-thoughts
* branch
main       -> FETCH_HEAD
Already up to date.
Git pull completed on main
Git add completed
On branch main
Your branch is up to date with 'origin/main'.

nothing to commit, working tree clean
Git commit completed
Finished processing for directory: unfinished-thoughts
-----------------------------------------
Starting processing for directory: xanadu
Directory exists: /mnt/c/Users/Mechachleopteryx/OneDrive/Documents/GitHub/xanadu
Changed directory to /mnt/c/Users/Mechachleopteryx/OneDrive/Documents/GitHub/xanadu
Primary branch for xanadu is main
From https://github.com/standardgalactic/xanadu
* branch
main       -> FETCH_HEAD
Auto-merging README.md
CONFLICT (content): Merge conflict in README.md
Automatic merge failed; fix conflicts and then commit the result.
Git pull completed on main
Git add completed
[main 44fb076] Imported from xanadu
Git commit completed
Finished processing for directory: xanadu
-----------------------------------------
Starting processing for directory: zygomindfulness
Directory exists: /mnt/c/Users/Mechachleopteryx/OneDrive/Documents/GitHub/zygomindfulness
Changed directory to /mnt/c/Users/Mechachleopteryx/OneDrive/Documents/GitHub/zygomindfulness
Primary branch for zygomindfulness is î­˜î­î­‹î­Š
From https://github.com/standardgalactic/zygomindfulness
* branch
î­˜î­î­‹î­Š -> FETCH_HEAD
Already up to date.
Git pull completed on î­˜î­î­‹î­Š
Git add completed
On branch î­˜î­î­‹î­Š
Your branch is up to date with 'origin/î­˜î­î­‹î­Š'.

nothing to commit, working tree clean
Git commit completed
Finished processing for directory: zygomindfulness
Script completed.

Addendum:

Acknowledging psychohistory
Everything up-to-date
Processing quantum-soup
cp: cannot stat '/mnt/c/Users/Mechachleopteryx/OneDrive/Documents/GitHub/quantum-soup/*.html': No such file or directory
cp: cannot stat '/mnt/c/Users/Mechachleopteryx/OneDrive/Documents/GitHub/quantum-soup/*.pdf': No such file or directory
cp: cannot stat '/mnt/c/Users/Mechachleopteryx/OneDrive/Documents/GitHub/quantum-soup/*.txt': No such file or directory
[main d3f790e] Imported from quantum-soup
5 files changed, 25216 insertions(+)
create mode 100644 A Modest Inquiry.mhtml
create mode 100644 Unusually Potent Potables.mhtml
create mode 100644 Xyloidology.mhtml
create mode 100644 Youtronium Incorporated.mhtml
create mode 100644 Zephyrs of Lambiscopolix.mhtml
Acknowledging quantum-soup
